device=cuda
== russian/sub1
C:\Users\12432\.conda\envs\decoder\lib\site-packages\sklearn\metrics\_classification.py:2801: UserWarning: y_pred contains classes not in y_true
  warnings.warn("y_pred contains classes not in y_true")
C:\Users\12432\.conda\envs\decoder\lib\site-packages\sklearn\metrics\_classification.py:2801: UserWarning: y_pred contains classes not in y_true
  warnings.warn("y_pred contains classes not in y_true")
C:\Users\12432\.conda\envs\decoder\lib\site-packages\sklearn\metrics\_classification.py:2801: UserWarning: y_pred contains classes not in y_true
  warnings.warn("y_pred contains classes not in y_true")
C:\Users\12432\.conda\envs\decoder\lib\site-packages\sklearn\metrics\_classification.py:2801: UserWarning: y_pred contains classes not in y_true
  warnings.warn("y_pred contains classes not in y_true")
C:\Users\12432\.conda\envs\decoder\lib\site-packages\sklearn\metrics\_classification.py:2801: UserWarning: y_pred contains classes not in y_true
  warnings.warn("y_pred contains classes not in y_true")
C:\Users\12432\.conda\envs\decoder\lib\site-packages\sklearn\metrics\_classification.py:2801: UserWarning: y_pred contains classes not in y_true
  warnings.warn("y_pred contains classes not in y_true")
C:\Users\12432\.conda\envs\decoder\lib\site-packages\sklearn\metrics\_classification.py:2801: UserWarning: y_pred contains classes not in y_true
  warnings.warn("y_pred contains classes not in y_true")
C:\Users\12432\.conda\envs\decoder\lib\site-packages\sklearn\metrics\_classification.py:2801: UserWarning: y_pred contains classes not in y_true
  warnings.warn("y_pred contains classes not in y_true")
  [russian/sub1] gru   acc=0.443 bacc=0.455 (42.3s, 0.43M params)
C:\Users\12432\.conda\envs\decoder\lib\site-packages\sklearn\metrics\_classification.py:2801: UserWarning: y_pred contains classes not in y_true
  warnings.warn("y_pred contains classes not in y_true")
C:\Users\12432\.conda\envs\decoder\lib\site-packages\sklearn\metrics\_classification.py:2801: UserWarning: y_pred contains classes not in y_true
  warnings.warn("y_pred contains classes not in y_true")
C:\Users\12432\.conda\envs\decoder\lib\site-packages\sklearn\metrics\_classification.py:2801: UserWarning: y_pred contains classes not in y_true
  warnings.warn("y_pred contains classes not in y_true")
C:\Users\12432\.conda\envs\decoder\lib\site-packages\sklearn\metrics\_classification.py:2801: UserWarning: y_pred contains classes not in y_true
  warnings.warn("y_pred contains classes not in y_true")
C:\Users\12432\.conda\envs\decoder\lib\site-packages\sklearn\metrics\_classification.py:2801: UserWarning: y_pred contains classes not in y_true
  warnings.warn("y_pred contains classes not in y_true")
C:\Users\12432\.conda\envs\decoder\lib\site-packages\sklearn\metrics\_classification.py:2801: UserWarning: y_pred contains classes not in y_true
  warnings.warn("y_pred contains classes not in y_true")
C:\Users\12432\.conda\envs\decoder\lib\site-packages\sklearn\metrics\_classification.py:2801: UserWarning: y_pred contains classes not in y_true
  warnings.warn("y_pred contains classes not in y_true")
C:\Users\12432\.conda\envs\decoder\lib\site-packages\sklearn\metrics\_classification.py:2801: UserWarning: y_pred contains classes not in y_true
  warnings.warn("y_pred contains classes not in y_true")
C:\Users\12432\.conda\envs\decoder\lib\site-packages\sklearn\metrics\_classification.py:2801: UserWarning: y_pred contains classes not in y_true
  warnings.warn("y_pred contains classes not in y_true")
  [russian/sub1] lstm  acc=0.390 bacc=0.411 (69.1s, 0.57M params)
C:\Users\12432\.conda\envs\decoder\lib\site-packages\sklearn\metrics\_classification.py:2801: UserWarning: y_pred contains classes not in y_true
  warnings.warn("y_pred contains classes not in y_true")
C:\Users\12432\.conda\envs\decoder\lib\site-packages\sklearn\metrics\_classification.py:2801: UserWarning: y_pred contains classes not in y_true
  warnings.warn("y_pred contains classes not in y_true")
C:\Users\12432\.conda\envs\decoder\lib\site-packages\sklearn\metrics\_classification.py:2801: UserWarning: y_pred contains classes not in y_true
  warnings.warn("y_pred contains classes not in y_true")
C:\Users\12432\.conda\envs\decoder\lib\site-packages\sklearn\metrics\_classification.py:2801: UserWarning: y_pred contains classes not in y_true
  warnings.warn("y_pred contains classes not in y_true")
C:\Users\12432\.conda\envs\decoder\lib\site-packages\sklearn\metrics\_classification.py:2801: UserWarning: y_pred contains classes not in y_true
  warnings.warn("y_pred contains classes not in y_true")
C:\Users\12432\.conda\envs\decoder\lib\site-packages\sklearn\metrics\_classification.py:2801: UserWarning: y_pred contains classes not in y_true
  warnings.warn("y_pred contains classes not in y_true")
C:\Users\12432\.conda\envs\decoder\lib\site-packages\sklearn\metrics\_classification.py:2801: UserWarning: y_pred contains classes not in y_true
  warnings.warn("y_pred contains classes not in y_true")
C:\Users\12432\.conda\envs\decoder\lib\site-packages\sklearn\metrics\_classification.py:2801: UserWarning: y_pred contains classes not in y_true
  warnings.warn("y_pred contains classes not in y_true")
  [russian/sub1] vit   acc=0.355 bacc=0.365 (36.0s, 0.66M params)
== russian/sub10
C:\Users\12432\.conda\envs\decoder\lib\site-packages\sklearn\metrics\_classification.py:2801: UserWarning: y_pred contains classes not in y_true
  warnings.warn("y_pred contains classes not in y_true")
C:\Users\12432\.conda\envs\decoder\lib\site-packages\sklearn\metrics\_classification.py:2801: UserWarning: y_pred contains classes not in y_true
  warnings.warn("y_pred contains classes not in y_true")
C:\Users\12432\.conda\envs\decoder\lib\site-packages\sklearn\metrics\_classification.py:2801: UserWarning: y_pred contains classes not in y_true
  warnings.warn("y_pred contains classes not in y_true")
C:\Users\12432\.conda\envs\decoder\lib\site-packages\sklearn\metrics\_classification.py:2801: UserWarning: y_pred contains classes not in y_true
  warnings.warn("y_pred contains classes not in y_true")
C:\Users\12432\.conda\envs\decoder\lib\site-packages\sklearn\metrics\_classification.py:2801: UserWarning: y_pred contains classes not in y_true
  warnings.warn("y_pred contains classes not in y_true")
C:\Users\12432\.conda\envs\decoder\lib\site-packages\sklearn\metrics\_classification.py:2801: UserWarning: y_pred contains classes not in y_true
  warnings.warn("y_pred contains classes not in y_true")
C:\Users\12432\.conda\envs\decoder\lib\site-packages\sklearn\metrics\_classification.py:2801: UserWarning: y_pred contains classes not in y_true
  warnings.warn("y_pred contains classes not in y_true")
  [russian/sub10] gru   acc=0.542 bacc=0.540 (33.1s, 0.43M params)
C:\Users\12432\.conda\envs\decoder\lib\site-packages\sklearn\metrics\_classification.py:2801: UserWarning: y_pred contains classes not in y_true
  warnings.warn("y_pred contains classes not in y_true")
C:\Users\12432\.conda\envs\decoder\lib\site-packages\sklearn\metrics\_classification.py:2801: UserWarning: y_pred contains classes not in y_true
  warnings.warn("y_pred contains classes not in y_true")
C:\Users\12432\.conda\envs\decoder\lib\site-packages\sklearn\metrics\_classification.py:2801: UserWarning: y_pred contains classes not in y_true
  warnings.warn("y_pred contains classes not in y_true")
C:\Users\12432\.conda\envs\decoder\lib\site-packages\sklearn\metrics\_classification.py:2801: UserWarning: y_pred contains classes not in y_true
  warnings.warn("y_pred contains classes not in y_true")
C:\Users\12432\.conda\envs\decoder\lib\site-packages\sklearn\metrics\_classification.py:2801: UserWarning: y_pred contains classes not in y_true
  warnings.warn("y_pred contains classes not in y_true")
C:\Users\12432\.conda\envs\decoder\lib\site-packages\sklearn\metrics\_classification.py:2801: UserWarning: y_pred contains classes not in y_true
  warnings.warn("y_pred contains classes not in y_true")
C:\Users\12432\.conda\envs\decoder\lib\site-packages\sklearn\metrics\_classification.py:2801: UserWarning: y_pred contains classes not in y_true
  warnings.warn("y_pred contains classes not in y_true")
  [russian/sub10] lstm  acc=0.474 bacc=0.468 (48.9s, 0.57M params)
C:\Users\12432\.conda\envs\decoder\lib\site-packages\sklearn\metrics\_classification.py:2801: UserWarning: y_pred contains classes not in y_true
  warnings.warn("y_pred contains classes not in y_true")
C:\Users\12432\.conda\envs\decoder\lib\site-packages\sklearn\metrics\_classification.py:2801: UserWarning: y_pred contains classes not in y_true
  warnings.warn("y_pred contains classes not in y_true")
C:\Users\12432\.conda\envs\decoder\lib\site-packages\sklearn\metrics\_classification.py:2801: UserWarning: y_pred contains classes not in y_true
  warnings.warn("y_pred contains classes not in y_true")
C:\Users\12432\.conda\envs\decoder\lib\site-packages\sklearn\metrics\_classification.py:2801: UserWarning: y_pred contains classes not in y_true
  warnings.warn("y_pred contains classes not in y_true")
C:\Users\12432\.conda\envs\decoder\lib\site-packages\sklearn\metrics\_classification.py:2801: UserWarning: y_pred contains classes not in y_true
  warnings.warn("y_pred contains classes not in y_true")
C:\Users\12432\.conda\envs\decoder\lib\site-packages\sklearn\metrics\_classification.py:2801: UserWarning: y_pred contains classes not in y_true
  warnings.warn("y_pred contains classes not in y_true")
C:\Users\12432\.conda\envs\decoder\lib\site-packages\sklearn\metrics\_classification.py:2801: UserWarning: y_pred contains classes not in y_true
  warnings.warn("y_pred contains classes not in y_true")
  [russian/sub10] vit   acc=0.470 bacc=0.464 (19.9s, 0.66M params)
== russian/sub11
C:\Users\12432\.conda\envs\decoder\lib\site-packages\sklearn\metrics\_classification.py:2801: UserWarning: y_pred contains classes not in y_true
  warnings.warn("y_pred contains classes not in y_true")
C:\Users\12432\.conda\envs\decoder\lib\site-packages\sklearn\metrics\_classification.py:2801: UserWarning: y_pred contains classes not in y_true
  warnings.warn("y_pred contains classes not in y_true")
C:\Users\12432\.conda\envs\decoder\lib\site-packages\sklearn\metrics\_classification.py:2801: UserWarning: y_pred contains classes not in y_true
  warnings.warn("y_pred contains classes not in y_true")
C:\Users\12432\.conda\envs\decoder\lib\site-packages\sklearn\metrics\_classification.py:2801: UserWarning: y_pred contains classes not in y_true
  warnings.warn("y_pred contains classes not in y_true")
C:\Users\12432\.conda\envs\decoder\lib\site-packages\sklearn\metrics\_classification.py:2801: UserWarning: y_pred contains classes not in y_true
  warnings.warn("y_pred contains classes not in y_true")
C:\Users\12432\.conda\envs\decoder\lib\site-packages\sklearn\metrics\_classification.py:2801: UserWarning: y_pred contains classes not in y_true
  warnings.warn("y_pred contains classes not in y_true")
C:\Users\12432\.conda\envs\decoder\lib\site-packages\sklearn\metrics\_classification.py:2801: UserWarning: y_pred contains classes not in y_true
  warnings.warn("y_pred contains classes not in y_true")
C:\Users\12432\.conda\envs\decoder\lib\site-packages\sklearn\metrics\_classification.py:2801: UserWarning: y_pred contains classes not in y_true
  warnings.warn("y_pred contains classes not in y_true")
C:\Users\12432\.conda\envs\decoder\lib\site-packages\sklearn\metrics\_classification.py:2801: UserWarning: y_pred contains classes not in y_true
  warnings.warn("y_pred contains classes not in y_true")
C:\Users\12432\.conda\envs\decoder\lib\site-packages\sklearn\metrics\_classification.py:2801: UserWarning: y_pred contains classes not in y_true
  warnings.warn("y_pred contains classes not in y_true")
  [russian/sub11] gru   acc=0.715 bacc=0.706 (62.9s, 0.43M params)
C:\Users\12432\.conda\envs\decoder\lib\site-packages\sklearn\metrics\_classification.py:2801: UserWarning: y_pred contains classes not in y_true
  warnings.warn("y_pred contains classes not in y_true")
C:\Users\12432\.conda\envs\decoder\lib\site-packages\sklearn\metrics\_classification.py:2801: UserWarning: y_pred contains classes not in y_true
  warnings.warn("y_pred contains classes not in y_true")
C:\Users\12432\.conda\envs\decoder\lib\site-packages\sklearn\metrics\_classification.py:2801: UserWarning: y_pred contains classes not in y_true
  warnings.warn("y_pred contains classes not in y_true")
C:\Users\12432\.conda\envs\decoder\lib\site-packages\sklearn\metrics\_classification.py:2801: UserWarning: y_pred contains classes not in y_true
  warnings.warn("y_pred contains classes not in y_true")
C:\Users\12432\.conda\envs\decoder\lib\site-packages\sklearn\metrics\_classification.py:2801: UserWarning: y_pred contains classes not in y_true
  warnings.warn("y_pred contains classes not in y_true")
C:\Users\12432\.conda\envs\decoder\lib\site-packages\sklearn\metrics\_classification.py:2801: UserWarning: y_pred contains classes not in y_true
  warnings.warn("y_pred contains classes not in y_true")
C:\Users\12432\.conda\envs\decoder\lib\site-packages\sklearn\metrics\_classification.py:2801: UserWarning: y_pred contains classes not in y_true
  warnings.warn("y_pred contains classes not in y_true")
C:\Users\12432\.conda\envs\decoder\lib\site-packages\sklearn\metrics\_classification.py:2801: UserWarning: y_pred contains classes not in y_true
  warnings.warn("y_pred contains classes not in y_true")
C:\Users\12432\.conda\envs\decoder\lib\site-packages\sklearn\metrics\_classification.py:2801: UserWarning: y_pred contains classes not in y_true
  warnings.warn("y_pred contains classes not in y_true")
C:\Users\12432\.conda\envs\decoder\lib\site-packages\sklearn\metrics\_classification.py:2801: UserWarning: y_pred contains classes not in y_true
  warnings.warn("y_pred contains classes not in y_true")
  [russian/sub11] lstm  acc=0.733 bacc=0.726 (101.5s, 0.57M params)
C:\Users\12432\.conda\envs\decoder\lib\site-packages\sklearn\metrics\_classification.py:2801: UserWarning: y_pred contains classes not in y_true
  warnings.warn("y_pred contains classes not in y_true")
C:\Users\12432\.conda\envs\decoder\lib\site-packages\sklearn\metrics\_classification.py:2801: UserWarning: y_pred contains classes not in y_true
  warnings.warn("y_pred contains classes not in y_true")
C:\Users\12432\.conda\envs\decoder\lib\site-packages\sklearn\metrics\_classification.py:2801: UserWarning: y_pred contains classes not in y_true
  warnings.warn("y_pred contains classes not in y_true")
C:\Users\12432\.conda\envs\decoder\lib\site-packages\sklearn\metrics\_classification.py:2801: UserWarning: y_pred contains classes not in y_true
  warnings.warn("y_pred contains classes not in y_true")
C:\Users\12432\.conda\envs\decoder\lib\site-packages\sklearn\metrics\_classification.py:2801: UserWarning: y_pred contains classes not in y_true
  warnings.warn("y_pred contains classes not in y_true")
C:\Users\12432\.conda\envs\decoder\lib\site-packages\sklearn\metrics\_classification.py:2801: UserWarning: y_pred contains classes not in y_true
  warnings.warn("y_pred contains classes not in y_true")
C:\Users\12432\.conda\envs\decoder\lib\site-packages\sklearn\metrics\_classification.py:2801: UserWarning: y_pred contains classes not in y_true
  warnings.warn("y_pred contains classes not in y_true")
C:\Users\12432\.conda\envs\decoder\lib\site-packages\sklearn\metrics\_classification.py:2801: UserWarning: y_pred contains classes not in y_true
  warnings.warn("y_pred contains classes not in y_true")
C:\Users\12432\.conda\envs\decoder\lib\site-packages\sklearn\metrics\_classification.py:2801: UserWarning: y_pred contains classes not in y_true
  warnings.warn("y_pred contains classes not in y_true")
C:\Users\12432\.conda\envs\decoder\lib\site-packages\sklearn\metrics\_classification.py:2801: UserWarning: y_pred contains classes not in y_true
  warnings.warn("y_pred contains classes not in y_true")
  [russian/sub11] vit   acc=0.483 bacc=0.472 (40.8s, 0.66M params)
== russian/sub12
C:\Users\12432\.conda\envs\decoder\lib\site-packages\sklearn\metrics\_classification.py:2801: UserWarning: y_pred contains classes not in y_true
  warnings.warn("y_pred contains classes not in y_true")
C:\Users\12432\.conda\envs\decoder\lib\site-packages\sklearn\metrics\_classification.py:2801: UserWarning: y_pred contains classes not in y_true
  warnings.warn("y_pred contains classes not in y_true")
C:\Users\12432\.conda\envs\decoder\lib\site-packages\sklearn\metrics\_classification.py:2801: UserWarning: y_pred contains classes not in y_true
  warnings.warn("y_pred contains classes not in y_true")
C:\Users\12432\.conda\envs\decoder\lib\site-packages\sklearn\metrics\_classification.py:2801: UserWarning: y_pred contains classes not in y_true
  warnings.warn("y_pred contains classes not in y_true")
C:\Users\12432\.conda\envs\decoder\lib\site-packages\sklearn\metrics\_classification.py:2801: UserWarning: y_pred contains classes not in y_true
  warnings.warn("y_pred contains classes not in y_true")
C:\Users\12432\.conda\envs\decoder\lib\site-packages\sklearn\metrics\_classification.py:2801: UserWarning: y_pred contains classes not in y_true
  warnings.warn("y_pred contains classes not in y_true")
C:\Users\12432\.conda\envs\decoder\lib\site-packages\sklearn\metrics\_classification.py:2801: UserWarning: y_pred contains classes not in y_true
  warnings.warn("y_pred contains classes not in y_true")
  [russian/sub12] gru   acc=0.410 bacc=0.418 (30.3s, 0.43M params)
C:\Users\12432\.conda\envs\decoder\lib\site-packages\sklearn\metrics\_classification.py:2801: UserWarning: y_pred contains classes not in y_true
  warnings.warn("y_pred contains classes not in y_true")
C:\Users\12432\.conda\envs\decoder\lib\site-packages\sklearn\metrics\_classification.py:2801: UserWarning: y_pred contains classes not in y_true
  warnings.warn("y_pred contains classes not in y_true")
C:\Users\12432\.conda\envs\decoder\lib\site-packages\sklearn\metrics\_classification.py:2801: UserWarning: y_pred contains classes not in y_true
  warnings.warn("y_pred contains classes not in y_true")
C:\Users\12432\.conda\envs\decoder\lib\site-packages\sklearn\metrics\_classification.py:2801: UserWarning: y_pred contains classes not in y_true
  warnings.warn("y_pred contains classes not in y_true")
C:\Users\12432\.conda\envs\decoder\lib\site-packages\sklearn\metrics\_classification.py:2801: UserWarning: y_pred contains classes not in y_true
  warnings.warn("y_pred contains classes not in y_true")
  [russian/sub12] lstm  acc=0.424 bacc=0.434 (57.9s, 0.57M params)
C:\Users\12432\.conda\envs\decoder\lib\site-packages\sklearn\metrics\_classification.py:2801: UserWarning: y_pred contains classes not in y_true
  warnings.warn("y_pred contains classes not in y_true")
C:\Users\12432\.conda\envs\decoder\lib\site-packages\sklearn\metrics\_classification.py:2801: UserWarning: y_pred contains classes not in y_true
  warnings.warn("y_pred contains classes not in y_true")
C:\Users\12432\.conda\envs\decoder\lib\site-packages\sklearn\metrics\_classification.py:2801: UserWarning: y_pred contains classes not in y_true
  warnings.warn("y_pred contains classes not in y_true")
C:\Users\12432\.conda\envs\decoder\lib\site-packages\sklearn\metrics\_classification.py:2801: UserWarning: y_pred contains classes not in y_true
  warnings.warn("y_pred contains classes not in y_true")
C:\Users\12432\.conda\envs\decoder\lib\site-packages\sklearn\metrics\_classification.py:2801: UserWarning: y_pred contains classes not in y_true
  warnings.warn("y_pred contains classes not in y_true")
C:\Users\12432\.conda\envs\decoder\lib\site-packages\sklearn\metrics\_classification.py:2801: UserWarning: y_pred contains classes not in y_true
  warnings.warn("y_pred contains classes not in y_true")
C:\Users\12432\.conda\envs\decoder\lib\site-packages\sklearn\metrics\_classification.py:2801: UserWarning: y_pred contains classes not in y_true
  warnings.warn("y_pred contains classes not in y_true")
C:\Users\12432\.conda\envs\decoder\lib\site-packages\sklearn\metrics\_classification.py:2801: UserWarning: y_pred contains classes not in y_true
  warnings.warn("y_pred contains classes not in y_true")
  [russian/sub12] vit   acc=0.377 bacc=0.379 (20.8s, 0.66M params)
== russian/sub2
C:\Users\12432\.conda\envs\decoder\lib\site-packages\sklearn\metrics\_classification.py:534: UserWarning: A single label was found in 'y_true' and 'y_pred'. For the confusion matrix to have the correct shape, use the 'labels' parameter to pass all known labels.
  warnings.warn(
C:\Users\12432\.conda\envs\decoder\lib\site-packages\sklearn\metrics\_classification.py:2801: UserWarning: y_pred contains classes not in y_true
  warnings.warn("y_pred contains classes not in y_true")
C:\Users\12432\.conda\envs\decoder\lib\site-packages\sklearn\metrics\_classification.py:2801: UserWarning: y_pred contains classes not in y_true
  warnings.warn("y_pred contains classes not in y_true")
  [russian/sub2] gru   acc=0.927 bacc=0.918 (19.7s, 0.43M params)
C:\Users\12432\.conda\envs\decoder\lib\site-packages\sklearn\metrics\_classification.py:534: UserWarning: A single label was found in 'y_true' and 'y_pred'. For the confusion matrix to have the correct shape, use the 'labels' parameter to pass all known labels.
  warnings.warn(
C:\Users\12432\.conda\envs\decoder\lib\site-packages\sklearn\metrics\_classification.py:2801: UserWarning: y_pred contains classes not in y_true
  warnings.warn("y_pred contains classes not in y_true")
C:\Users\12432\.conda\envs\decoder\lib\site-packages\sklearn\metrics\_classification.py:2801: UserWarning: y_pred contains classes not in y_true
  warnings.warn("y_pred contains classes not in y_true")
C:\Users\12432\.conda\envs\decoder\lib\site-packages\sklearn\metrics\_classification.py:2801: UserWarning: y_pred contains classes not in y_true
  warnings.warn("y_pred contains classes not in y_true")
C:\Users\12432\.conda\envs\decoder\lib\site-packages\sklearn\metrics\_classification.py:2801: UserWarning: y_pred contains classes not in y_true
  warnings.warn("y_pred contains classes not in y_true")
  [russian/sub2] lstm  acc=0.936 bacc=0.931 (31.2s, 0.57M params)
C:\Users\12432\.conda\envs\decoder\lib\site-packages\sklearn\metrics\_classification.py:534: UserWarning: A single label was found in 'y_true' and 'y_pred'. For the confusion matrix to have the correct shape, use the 'labels' parameter to pass all known labels.
  warnings.warn(
C:\Users\12432\.conda\envs\decoder\lib\site-packages\sklearn\metrics\_classification.py:2801: UserWarning: y_pred contains classes not in y_true
  warnings.warn("y_pred contains classes not in y_true")
C:\Users\12432\.conda\envs\decoder\lib\site-packages\sklearn\metrics\_classification.py:2801: UserWarning: y_pred contains classes not in y_true
  warnings.warn("y_pred contains classes not in y_true")
C:\Users\12432\.conda\envs\decoder\lib\site-packages\sklearn\metrics\_classification.py:2801: UserWarning: y_pred contains classes not in y_true
  warnings.warn("y_pred contains classes not in y_true")
C:\Users\12432\.conda\envs\decoder\lib\site-packages\sklearn\metrics\_classification.py:2801: UserWarning: y_pred contains classes not in y_true
  warnings.warn("y_pred contains classes not in y_true")
C:\Users\12432\.conda\envs\decoder\lib\site-packages\sklearn\metrics\_classification.py:2801: UserWarning: y_pred contains classes not in y_true
  warnings.warn("y_pred contains classes not in y_true")
  [russian/sub2] vit   acc=0.897 bacc=0.890 (14.9s, 0.66M params)
== russian/sub3
C:\Users\12432\.conda\envs\decoder\lib\site-packages\sklearn\metrics\_classification.py:2801: UserWarning: y_pred contains classes not in y_true
  warnings.warn("y_pred contains classes not in y_true")
C:\Users\12432\.conda\envs\decoder\lib\site-packages\sklearn\metrics\_classification.py:2801: UserWarning: y_pred contains classes not in y_true
  warnings.warn("y_pred contains classes not in y_true")
C:\Users\12432\.conda\envs\decoder\lib\site-packages\sklearn\metrics\_classification.py:2801: UserWarning: y_pred contains classes not in y_true
  warnings.warn("y_pred contains classes not in y_true")
C:\Users\12432\.conda\envs\decoder\lib\site-packages\sklearn\metrics\_classification.py:2801: UserWarning: y_pred contains classes not in y_true
  warnings.warn("y_pred contains classes not in y_true")
C:\Users\12432\.conda\envs\decoder\lib\site-packages\sklearn\metrics\_classification.py:2801: UserWarning: y_pred contains classes not in y_true
  warnings.warn("y_pred contains classes not in y_true")
C:\Users\12432\.conda\envs\decoder\lib\site-packages\sklearn\metrics\_classification.py:2801: UserWarning: y_pred contains classes not in y_true
  warnings.warn("y_pred contains classes not in y_true")
C:\Users\12432\.conda\envs\decoder\lib\site-packages\sklearn\metrics\_classification.py:2801: UserWarning: y_pred contains classes not in y_true
  warnings.warn("y_pred contains classes not in y_true")
  [russian/sub3] gru   acc=0.714 bacc=0.721 (35.4s, 0.43M params)
C:\Users\12432\.conda\envs\decoder\lib\site-packages\sklearn\metrics\_classification.py:2801: UserWarning: y_pred contains classes not in y_true
  warnings.warn("y_pred contains classes not in y_true")
C:\Users\12432\.conda\envs\decoder\lib\site-packages\sklearn\metrics\_classification.py:2801: UserWarning: y_pred contains classes not in y_true
  warnings.warn("y_pred contains classes not in y_true")
C:\Users\12432\.conda\envs\decoder\lib\site-packages\sklearn\metrics\_classification.py:2801: UserWarning: y_pred contains classes not in y_true
  warnings.warn("y_pred contains classes not in y_true")
C:\Users\12432\.conda\envs\decoder\lib\site-packages\sklearn\metrics\_classification.py:2801: UserWarning: y_pred contains classes not in y_true
  warnings.warn("y_pred contains classes not in y_true")
C:\Users\12432\.conda\envs\decoder\lib\site-packages\sklearn\metrics\_classification.py:2801: UserWarning: y_pred contains classes not in y_true
  warnings.warn("y_pred contains classes not in y_true")
C:\Users\12432\.conda\envs\decoder\lib\site-packages\sklearn\metrics\_classification.py:2801: UserWarning: y_pred contains classes not in y_true
  warnings.warn("y_pred contains classes not in y_true")
C:\Users\12432\.conda\envs\decoder\lib\site-packages\sklearn\metrics\_classification.py:2801: UserWarning: y_pred contains classes not in y_true
  warnings.warn("y_pred contains classes not in y_true")
  [russian/sub3] lstm  acc=0.688 bacc=0.696 (52.1s, 0.57M params)
C:\Users\12432\.conda\envs\decoder\lib\site-packages\sklearn\metrics\_classification.py:2801: UserWarning: y_pred contains classes not in y_true
  warnings.warn("y_pred contains classes not in y_true")
C:\Users\12432\.conda\envs\decoder\lib\site-packages\sklearn\metrics\_classification.py:2801: UserWarning: y_pred contains classes not in y_true
  warnings.warn("y_pred contains classes not in y_true")
C:\Users\12432\.conda\envs\decoder\lib\site-packages\sklearn\metrics\_classification.py:2801: UserWarning: y_pred contains classes not in y_true
  warnings.warn("y_pred contains classes not in y_true")
C:\Users\12432\.conda\envs\decoder\lib\site-packages\sklearn\metrics\_classification.py:2801: UserWarning: y_pred contains classes not in y_true
  warnings.warn("y_pred contains classes not in y_true")
C:\Users\12432\.conda\envs\decoder\lib\site-packages\sklearn\metrics\_classification.py:2801: UserWarning: y_pred contains classes not in y_true
  warnings.warn("y_pred contains classes not in y_true")
C:\Users\12432\.conda\envs\decoder\lib\site-packages\sklearn\metrics\_classification.py:2801: UserWarning: y_pred contains classes not in y_true
  warnings.warn("y_pred contains classes not in y_true")
C:\Users\12432\.conda\envs\decoder\lib\site-packages\sklearn\metrics\_classification.py:2801: UserWarning: y_pred contains classes not in y_true
  warnings.warn("y_pred contains classes not in y_true")
  [russian/sub3] vit   acc=0.595 bacc=0.607 (19.2s, 0.66M params)
== russian/sub4
C:\Users\12432\.conda\envs\decoder\lib\site-packages\sklearn\metrics\_classification.py:2801: UserWarning: y_pred contains classes not in y_true
  warnings.warn("y_pred contains classes not in y_true")
C:\Users\12432\.conda\envs\decoder\lib\site-packages\sklearn\metrics\_classification.py:2801: UserWarning: y_pred contains classes not in y_true
  warnings.warn("y_pred contains classes not in y_true")
C:\Users\12432\.conda\envs\decoder\lib\site-packages\sklearn\metrics\_classification.py:2801: UserWarning: y_pred contains classes not in y_true
  warnings.warn("y_pred contains classes not in y_true")
C:\Users\12432\.conda\envs\decoder\lib\site-packages\sklearn\metrics\_classification.py:2801: UserWarning: y_pred contains classes not in y_true
  warnings.warn("y_pred contains classes not in y_true")
C:\Users\12432\.conda\envs\decoder\lib\site-packages\sklearn\metrics\_classification.py:534: UserWarning: A single label was found in 'y_true' and 'y_pred'. For the confusion matrix to have the correct shape, use the 'labels' parameter to pass all known labels.
  warnings.warn(
  [russian/sub4] gru   acc=0.787 bacc=0.779 (45.0s, 0.43M params)
C:\Users\12432\.conda\envs\decoder\lib\site-packages\sklearn\metrics\_classification.py:2801: UserWarning: y_pred contains classes not in y_true
  warnings.warn("y_pred contains classes not in y_true")
C:\Users\12432\.conda\envs\decoder\lib\site-packages\sklearn\metrics\_classification.py:2801: UserWarning: y_pred contains classes not in y_true
  warnings.warn("y_pred contains classes not in y_true")
C:\Users\12432\.conda\envs\decoder\lib\site-packages\sklearn\metrics\_classification.py:2801: UserWarning: y_pred contains classes not in y_true
  warnings.warn("y_pred contains classes not in y_true")
C:\Users\12432\.conda\envs\decoder\lib\site-packages\sklearn\metrics\_classification.py:2801: UserWarning: y_pred contains classes not in y_true
  warnings.warn("y_pred contains classes not in y_true")
  [russian/sub4] lstm  acc=0.760 bacc=0.739 (54.1s, 0.57M params)
C:\Users\12432\.conda\envs\decoder\lib\site-packages\sklearn\metrics\_classification.py:2801: UserWarning: y_pred contains classes not in y_true
  warnings.warn("y_pred contains classes not in y_true")
C:\Users\12432\.conda\envs\decoder\lib\site-packages\sklearn\metrics\_classification.py:2801: UserWarning: y_pred contains classes not in y_true
  warnings.warn("y_pred contains classes not in y_true")
C:\Users\12432\.conda\envs\decoder\lib\site-packages\sklearn\metrics\_classification.py:2801: UserWarning: y_pred contains classes not in y_true
  warnings.warn("y_pred contains classes not in y_true")
C:\Users\12432\.conda\envs\decoder\lib\site-packages\sklearn\metrics\_classification.py:2801: UserWarning: y_pred contains classes not in y_true
  warnings.warn("y_pred contains classes not in y_true")
C:\Users\12432\.conda\envs\decoder\lib\site-packages\sklearn\metrics\_classification.py:2801: UserWarning: y_pred contains classes not in y_true
  warnings.warn("y_pred contains classes not in y_true")
  [russian/sub4] vit   acc=0.597 bacc=0.577 (12.5s, 0.66M params)
== russian/sub5
C:\Users\12432\.conda\envs\decoder\lib\site-packages\sklearn\metrics\_classification.py:2801: UserWarning: y_pred contains classes not in y_true
  warnings.warn("y_pred contains classes not in y_true")
C:\Users\12432\.conda\envs\decoder\lib\site-packages\sklearn\metrics\_classification.py:2801: UserWarning: y_pred contains classes not in y_true
  warnings.warn("y_pred contains classes not in y_true")
C:\Users\12432\.conda\envs\decoder\lib\site-packages\sklearn\metrics\_classification.py:2801: UserWarning: y_pred contains classes not in y_true
  warnings.warn("y_pred contains classes not in y_true")
C:\Users\12432\.conda\envs\decoder\lib\site-packages\sklearn\metrics\_classification.py:2801: UserWarning: y_pred contains classes not in y_true
  warnings.warn("y_pred contains classes not in y_true")
C:\Users\12432\.conda\envs\decoder\lib\site-packages\sklearn\metrics\_classification.py:2801: UserWarning: y_pred contains classes not in y_true
  warnings.warn("y_pred contains classes not in y_true")
C:\Users\12432\.conda\envs\decoder\lib\site-packages\sklearn\metrics\_classification.py:2801: UserWarning: y_pred contains classes not in y_true
  warnings.warn("y_pred contains classes not in y_true")
C:\Users\12432\.conda\envs\decoder\lib\site-packages\sklearn\metrics\_classification.py:2801: UserWarning: y_pred contains classes not in y_true
  warnings.warn("y_pred contains classes not in y_true")
C:\Users\12432\.conda\envs\decoder\lib\site-packages\sklearn\metrics\_classification.py:2801: UserWarning: y_pred contains classes not in y_true
  warnings.warn("y_pred contains classes not in y_true")
C:\Users\12432\.conda\envs\decoder\lib\site-packages\sklearn\metrics\_classification.py:2801: UserWarning: y_pred contains classes not in y_true
  warnings.warn("y_pred contains classes not in y_true")
C:\Users\12432\.conda\envs\decoder\lib\site-packages\sklearn\metrics\_classification.py:2801: UserWarning: y_pred contains classes not in y_true
  warnings.warn("y_pred contains classes not in y_true")
  [russian/sub5] gru   acc=0.464 bacc=0.465 (26.9s, 0.43M params)
C:\Users\12432\.conda\envs\decoder\lib\site-packages\sklearn\metrics\_classification.py:2801: UserWarning: y_pred contains classes not in y_true
  warnings.warn("y_pred contains classes not in y_true")
C:\Users\12432\.conda\envs\decoder\lib\site-packages\sklearn\metrics\_classification.py:2801: UserWarning: y_pred contains classes not in y_true
  warnings.warn("y_pred contains classes not in y_true")
C:\Users\12432\.conda\envs\decoder\lib\site-packages\sklearn\metrics\_classification.py:2801: UserWarning: y_pred contains classes not in y_true
  warnings.warn("y_pred contains classes not in y_true")
C:\Users\12432\.conda\envs\decoder\lib\site-packages\sklearn\metrics\_classification.py:2801: UserWarning: y_pred contains classes not in y_true
  warnings.warn("y_pred contains classes not in y_true")
C:\Users\12432\.conda\envs\decoder\lib\site-packages\sklearn\metrics\_classification.py:2801: UserWarning: y_pred contains classes not in y_true
  warnings.warn("y_pred contains classes not in y_true")
C:\Users\12432\.conda\envs\decoder\lib\site-packages\sklearn\metrics\_classification.py:2801: UserWarning: y_pred contains classes not in y_true
  warnings.warn("y_pred contains classes not in y_true")
C:\Users\12432\.conda\envs\decoder\lib\site-packages\sklearn\metrics\_classification.py:2801: UserWarning: y_pred contains classes not in y_true
  warnings.warn("y_pred contains classes not in y_true")
C:\Users\12432\.conda\envs\decoder\lib\site-packages\sklearn\metrics\_classification.py:2801: UserWarning: y_pred contains classes not in y_true
  warnings.warn("y_pred contains classes not in y_true")
C:\Users\12432\.conda\envs\decoder\lib\site-packages\sklearn\metrics\_classification.py:2801: UserWarning: y_pred contains classes not in y_true
  warnings.warn("y_pred contains classes not in y_true")
C:\Users\12432\.conda\envs\decoder\lib\site-packages\sklearn\metrics\_classification.py:2801: UserWarning: y_pred contains classes not in y_true
  warnings.warn("y_pred contains classes not in y_true")
  [russian/sub5] lstm  acc=0.448 bacc=0.445 (54.0s, 0.57M params)
C:\Users\12432\.conda\envs\decoder\lib\site-packages\sklearn\metrics\_classification.py:2801: UserWarning: y_pred contains classes not in y_true
  warnings.warn("y_pred contains classes not in y_true")
C:\Users\12432\.conda\envs\decoder\lib\site-packages\sklearn\metrics\_classification.py:2801: UserWarning: y_pred contains classes not in y_true
  warnings.warn("y_pred contains classes not in y_true")
C:\Users\12432\.conda\envs\decoder\lib\site-packages\sklearn\metrics\_classification.py:2801: UserWarning: y_pred contains classes not in y_true
  warnings.warn("y_pred contains classes not in y_true")
C:\Users\12432\.conda\envs\decoder\lib\site-packages\sklearn\metrics\_classification.py:2801: UserWarning: y_pred contains classes not in y_true
  warnings.warn("y_pred contains classes not in y_true")
C:\Users\12432\.conda\envs\decoder\lib\site-packages\sklearn\metrics\_classification.py:2801: UserWarning: y_pred contains classes not in y_true
  warnings.warn("y_pred contains classes not in y_true")
C:\Users\12432\.conda\envs\decoder\lib\site-packages\sklearn\metrics\_classification.py:2801: UserWarning: y_pred contains classes not in y_true
  warnings.warn("y_pred contains classes not in y_true")
C:\Users\12432\.conda\envs\decoder\lib\site-packages\sklearn\metrics\_classification.py:2801: UserWarning: y_pred contains classes not in y_true
  warnings.warn("y_pred contains classes not in y_true")
C:\Users\12432\.conda\envs\decoder\lib\site-packages\sklearn\metrics\_classification.py:2801: UserWarning: y_pred contains classes not in y_true
  warnings.warn("y_pred contains classes not in y_true")
C:\Users\12432\.conda\envs\decoder\lib\site-packages\sklearn\metrics\_classification.py:2801: UserWarning: y_pred contains classes not in y_true
  warnings.warn("y_pred contains classes not in y_true")
C:\Users\12432\.conda\envs\decoder\lib\site-packages\sklearn\metrics\_classification.py:2801: UserWarning: y_pred contains classes not in y_true
  warnings.warn("y_pred contains classes not in y_true")
  [russian/sub5] vit   acc=0.522 bacc=0.515 (18.5s, 0.66M params)
== russian/sub6
C:\Users\12432\.conda\envs\decoder\lib\site-packages\sklearn\metrics\_classification.py:2801: UserWarning: y_pred contains classes not in y_true
  warnings.warn("y_pred contains classes not in y_true")
C:\Users\12432\.conda\envs\decoder\lib\site-packages\sklearn\metrics\_classification.py:2801: UserWarning: y_pred contains classes not in y_true
  warnings.warn("y_pred contains classes not in y_true")
C:\Users\12432\.conda\envs\decoder\lib\site-packages\sklearn\metrics\_classification.py:534: UserWarning: A single label was found in 'y_true' and 'y_pred'. For the confusion matrix to have the correct shape, use the 'labels' parameter to pass all known labels.
  warnings.warn(
C:\Users\12432\.conda\envs\decoder\lib\site-packages\sklearn\metrics\_classification.py:2801: UserWarning: y_pred contains classes not in y_true
  warnings.warn("y_pred contains classes not in y_true")
C:\Users\12432\.conda\envs\decoder\lib\site-packages\sklearn\metrics\_classification.py:2801: UserWarning: y_pred contains classes not in y_true
  warnings.warn("y_pred contains classes not in y_true")
C:\Users\12432\.conda\envs\decoder\lib\site-packages\sklearn\metrics\_classification.py:2801: UserWarning: y_pred contains classes not in y_true
  warnings.warn("y_pred contains classes not in y_true")
C:\Users\12432\.conda\envs\decoder\lib\site-packages\sklearn\metrics\_classification.py:2801: UserWarning: y_pred contains classes not in y_true
  warnings.warn("y_pred contains classes not in y_true")
  [russian/sub6] gru   acc=0.593 bacc=0.592 (24.7s, 0.43M params)
C:\Users\12432\.conda\envs\decoder\lib\site-packages\sklearn\metrics\_classification.py:2801: UserWarning: y_pred contains classes not in y_true
  warnings.warn("y_pred contains classes not in y_true")
C:\Users\12432\.conda\envs\decoder\lib\site-packages\sklearn\metrics\_classification.py:2801: UserWarning: y_pred contains classes not in y_true
  warnings.warn("y_pred contains classes not in y_true")
C:\Users\12432\.conda\envs\decoder\lib\site-packages\sklearn\metrics\_classification.py:534: UserWarning: A single label was found in 'y_true' and 'y_pred'. For the confusion matrix to have the correct shape, use the 'labels' parameter to pass all known labels.
  warnings.warn(
C:\Users\12432\.conda\envs\decoder\lib\site-packages\sklearn\metrics\_classification.py:2801: UserWarning: y_pred contains classes not in y_true
  warnings.warn("y_pred contains classes not in y_true")
C:\Users\12432\.conda\envs\decoder\lib\site-packages\sklearn\metrics\_classification.py:2801: UserWarning: y_pred contains classes not in y_true
  warnings.warn("y_pred contains classes not in y_true")
C:\Users\12432\.conda\envs\decoder\lib\site-packages\sklearn\metrics\_classification.py:2801: UserWarning: y_pred contains classes not in y_true
  warnings.warn("y_pred contains classes not in y_true")
C:\Users\12432\.conda\envs\decoder\lib\site-packages\sklearn\metrics\_classification.py:2801: UserWarning: y_pred contains classes not in y_true
  warnings.warn("y_pred contains classes not in y_true")
  [russian/sub6] lstm  acc=0.535 bacc=0.535 (35.6s, 0.57M params)
C:\Users\12432\.conda\envs\decoder\lib\site-packages\sklearn\metrics\_classification.py:2801: UserWarning: y_pred contains classes not in y_true
  warnings.warn("y_pred contains classes not in y_true")
C:\Users\12432\.conda\envs\decoder\lib\site-packages\sklearn\metrics\_classification.py:2801: UserWarning: y_pred contains classes not in y_true
  warnings.warn("y_pred contains classes not in y_true")
C:\Users\12432\.conda\envs\decoder\lib\site-packages\sklearn\metrics\_classification.py:2801: UserWarning: y_pred contains classes not in y_true
  warnings.warn("y_pred contains classes not in y_true")
C:\Users\12432\.conda\envs\decoder\lib\site-packages\sklearn\metrics\_classification.py:2801: UserWarning: y_pred contains classes not in y_true
  warnings.warn("y_pred contains classes not in y_true")
C:\Users\12432\.conda\envs\decoder\lib\site-packages\sklearn\metrics\_classification.py:2801: UserWarning: y_pred contains classes not in y_true
  warnings.warn("y_pred contains classes not in y_true")
C:\Users\12432\.conda\envs\decoder\lib\site-packages\sklearn\metrics\_classification.py:2801: UserWarning: y_pred contains classes not in y_true
  warnings.warn("y_pred contains classes not in y_true")
C:\Users\12432\.conda\envs\decoder\lib\site-packages\sklearn\metrics\_classification.py:2801: UserWarning: y_pred contains classes not in y_true
  warnings.warn("y_pred contains classes not in y_true")
  [russian/sub6] vit   acc=0.443 bacc=0.442 (12.0s, 0.66M params)
== russian/sub7
C:\Users\12432\.conda\envs\decoder\lib\site-packages\sklearn\metrics\_classification.py:2801: UserWarning: y_pred contains classes not in y_true
  warnings.warn("y_pred contains classes not in y_true")
C:\Users\12432\.conda\envs\decoder\lib\site-packages\sklearn\metrics\_classification.py:2801: UserWarning: y_pred contains classes not in y_true
  warnings.warn("y_pred contains classes not in y_true")
C:\Users\12432\.conda\envs\decoder\lib\site-packages\sklearn\metrics\_classification.py:2801: UserWarning: y_pred contains classes not in y_true
  warnings.warn("y_pred contains classes not in y_true")
C:\Users\12432\.conda\envs\decoder\lib\site-packages\sklearn\metrics\_classification.py:2801: UserWarning: y_pred contains classes not in y_true
  warnings.warn("y_pred contains classes not in y_true")
C:\Users\12432\.conda\envs\decoder\lib\site-packages\sklearn\metrics\_classification.py:2801: UserWarning: y_pred contains classes not in y_true
  warnings.warn("y_pred contains classes not in y_true")
C:\Users\12432\.conda\envs\decoder\lib\site-packages\sklearn\metrics\_classification.py:2801: UserWarning: y_pred contains classes not in y_true
  warnings.warn("y_pred contains classes not in y_true")
C:\Users\12432\.conda\envs\decoder\lib\site-packages\sklearn\metrics\_classification.py:2801: UserWarning: y_pred contains classes not in y_true
  warnings.warn("y_pred contains classes not in y_true")
C:\Users\12432\.conda\envs\decoder\lib\site-packages\sklearn\metrics\_classification.py:2801: UserWarning: y_pred contains classes not in y_true
  warnings.warn("y_pred contains classes not in y_true")
C:\Users\12432\.conda\envs\decoder\lib\site-packages\sklearn\metrics\_classification.py:2801: UserWarning: y_pred contains classes not in y_true
  warnings.warn("y_pred contains classes not in y_true")
  [russian/sub7] gru   acc=0.835 bacc=0.828 (100.8s, 0.43M params)
C:\Users\12432\.conda\envs\decoder\lib\site-packages\sklearn\metrics\_classification.py:2801: UserWarning: y_pred contains classes not in y_true
  warnings.warn("y_pred contains classes not in y_true")
C:\Users\12432\.conda\envs\decoder\lib\site-packages\sklearn\metrics\_classification.py:2801: UserWarning: y_pred contains classes not in y_true
  warnings.warn("y_pred contains classes not in y_true")
C:\Users\12432\.conda\envs\decoder\lib\site-packages\sklearn\metrics\_classification.py:2801: UserWarning: y_pred contains classes not in y_true
  warnings.warn("y_pred contains classes not in y_true")
C:\Users\12432\.conda\envs\decoder\lib\site-packages\sklearn\metrics\_classification.py:2801: UserWarning: y_pred contains classes not in y_true
  warnings.warn("y_pred contains classes not in y_true")
C:\Users\12432\.conda\envs\decoder\lib\site-packages\sklearn\metrics\_classification.py:2801: UserWarning: y_pred contains classes not in y_true
  warnings.warn("y_pred contains classes not in y_true")
C:\Users\12432\.conda\envs\decoder\lib\site-packages\sklearn\metrics\_classification.py:2801: UserWarning: y_pred contains classes not in y_true
  warnings.warn("y_pred contains classes not in y_true")
C:\Users\12432\.conda\envs\decoder\lib\site-packages\sklearn\metrics\_classification.py:2801: UserWarning: y_pred contains classes not in y_true
  warnings.warn("y_pred contains classes not in y_true")
C:\Users\12432\.conda\envs\decoder\lib\site-packages\sklearn\metrics\_classification.py:2801: UserWarning: y_pred contains classes not in y_true
  warnings.warn("y_pred contains classes not in y_true")
C:\Users\12432\.conda\envs\decoder\lib\site-packages\sklearn\metrics\_classification.py:2801: UserWarning: y_pred contains classes not in y_true
  warnings.warn("y_pred contains classes not in y_true")
  [russian/sub7] lstm  acc=0.834 bacc=0.820 (132.4s, 0.57M params)
C:\Users\12432\.conda\envs\decoder\lib\site-packages\sklearn\metrics\_classification.py:2801: UserWarning: y_pred contains classes not in y_true
  warnings.warn("y_pred contains classes not in y_true")
C:\Users\12432\.conda\envs\decoder\lib\site-packages\sklearn\metrics\_classification.py:2801: UserWarning: y_pred contains classes not in y_true
  warnings.warn("y_pred contains classes not in y_true")
C:\Users\12432\.conda\envs\decoder\lib\site-packages\sklearn\metrics\_classification.py:2801: UserWarning: y_pred contains classes not in y_true
  warnings.warn("y_pred contains classes not in y_true")
C:\Users\12432\.conda\envs\decoder\lib\site-packages\sklearn\metrics\_classification.py:2801: UserWarning: y_pred contains classes not in y_true
  warnings.warn("y_pred contains classes not in y_true")
C:\Users\12432\.conda\envs\decoder\lib\site-packages\sklearn\metrics\_classification.py:2801: UserWarning: y_pred contains classes not in y_true
  warnings.warn("y_pred contains classes not in y_true")
C:\Users\12432\.conda\envs\decoder\lib\site-packages\sklearn\metrics\_classification.py:2801: UserWarning: y_pred contains classes not in y_true
  warnings.warn("y_pred contains classes not in y_true")
C:\Users\12432\.conda\envs\decoder\lib\site-packages\sklearn\metrics\_classification.py:2801: UserWarning: y_pred contains classes not in y_true
  warnings.warn("y_pred contains classes not in y_true")
C:\Users\12432\.conda\envs\decoder\lib\site-packages\sklearn\metrics\_classification.py:2801: UserWarning: y_pred contains classes not in y_true
  warnings.warn("y_pred contains classes not in y_true")
C:\Users\12432\.conda\envs\decoder\lib\site-packages\sklearn\metrics\_classification.py:2801: UserWarning: y_pred contains classes not in y_true
  warnings.warn("y_pred contains classes not in y_true")
  [russian/sub7] vit   acc=0.634 bacc=0.611 (39.3s, 0.66M params)
== russian/sub8
C:\Users\12432\.conda\envs\decoder\lib\site-packages\sklearn\metrics\_classification.py:2801: UserWarning: y_pred contains classes not in y_true
  warnings.warn("y_pred contains classes not in y_true")
C:\Users\12432\.conda\envs\decoder\lib\site-packages\sklearn\metrics\_classification.py:2801: UserWarning: y_pred contains classes not in y_true
  warnings.warn("y_pred contains classes not in y_true")
C:\Users\12432\.conda\envs\decoder\lib\site-packages\sklearn\metrics\_classification.py:2801: UserWarning: y_pred contains classes not in y_true
  warnings.warn("y_pred contains classes not in y_true")
C:\Users\12432\.conda\envs\decoder\lib\site-packages\sklearn\metrics\_classification.py:2801: UserWarning: y_pred contains classes not in y_true
  warnings.warn("y_pred contains classes not in y_true")
C:\Users\12432\.conda\envs\decoder\lib\site-packages\sklearn\metrics\_classification.py:2801: UserWarning: y_pred contains classes not in y_true
  warnings.warn("y_pred contains classes not in y_true")
C:\Users\12432\.conda\envs\decoder\lib\site-packages\sklearn\metrics\_classification.py:2801: UserWarning: y_pred contains classes not in y_true
  warnings.warn("y_pred contains classes not in y_true")
C:\Users\12432\.conda\envs\decoder\lib\site-packages\sklearn\metrics\_classification.py:2801: UserWarning: y_pred contains classes not in y_true
  warnings.warn("y_pred contains classes not in y_true")
C:\Users\12432\.conda\envs\decoder\lib\site-packages\sklearn\metrics\_classification.py:2801: UserWarning: y_pred contains classes not in y_true
  warnings.warn("y_pred contains classes not in y_true")
  [russian/sub8] gru   acc=0.772 bacc=0.775 (60.0s, 0.43M params)
C:\Users\12432\.conda\envs\decoder\lib\site-packages\sklearn\metrics\_classification.py:2801: UserWarning: y_pred contains classes not in y_true
  warnings.warn("y_pred contains classes not in y_true")
C:\Users\12432\.conda\envs\decoder\lib\site-packages\sklearn\metrics\_classification.py:2801: UserWarning: y_pred contains classes not in y_true
  warnings.warn("y_pred contains classes not in y_true")
C:\Users\12432\.conda\envs\decoder\lib\site-packages\sklearn\metrics\_classification.py:2801: UserWarning: y_pred contains classes not in y_true
  warnings.warn("y_pred contains classes not in y_true")
C:\Users\12432\.conda\envs\decoder\lib\site-packages\sklearn\metrics\_classification.py:2801: UserWarning: y_pred contains classes not in y_true
  warnings.warn("y_pred contains classes not in y_true")
C:\Users\12432\.conda\envs\decoder\lib\site-packages\sklearn\metrics\_classification.py:2801: UserWarning: y_pred contains classes not in y_true
  warnings.warn("y_pred contains classes not in y_true")
C:\Users\12432\.conda\envs\decoder\lib\site-packages\sklearn\metrics\_classification.py:2801: UserWarning: y_pred contains classes not in y_true
  warnings.warn("y_pred contains classes not in y_true")
C:\Users\12432\.conda\envs\decoder\lib\site-packages\sklearn\metrics\_classification.py:2801: UserWarning: y_pred contains classes not in y_true
  warnings.warn("y_pred contains classes not in y_true")
C:\Users\12432\.conda\envs\decoder\lib\site-packages\sklearn\metrics\_classification.py:2801: UserWarning: y_pred contains classes not in y_true
  warnings.warn("y_pred contains classes not in y_true")
  [russian/sub8] lstm  acc=0.691 bacc=0.693 (68.7s, 0.57M params)
C:\Users\12432\.conda\envs\decoder\lib\site-packages\sklearn\metrics\_classification.py:2801: UserWarning: y_pred contains classes not in y_true
  warnings.warn("y_pred contains classes not in y_true")
C:\Users\12432\.conda\envs\decoder\lib\site-packages\sklearn\metrics\_classification.py:2801: UserWarning: y_pred contains classes not in y_true
  warnings.warn("y_pred contains classes not in y_true")
C:\Users\12432\.conda\envs\decoder\lib\site-packages\sklearn\metrics\_classification.py:2801: UserWarning: y_pred contains classes not in y_true
  warnings.warn("y_pred contains classes not in y_true")
C:\Users\12432\.conda\envs\decoder\lib\site-packages\sklearn\metrics\_classification.py:2801: UserWarning: y_pred contains classes not in y_true
  warnings.warn("y_pred contains classes not in y_true")
C:\Users\12432\.conda\envs\decoder\lib\site-packages\sklearn\metrics\_classification.py:2801: UserWarning: y_pred contains classes not in y_true
  warnings.warn("y_pred contains classes not in y_true")
C:\Users\12432\.conda\envs\decoder\lib\site-packages\sklearn\metrics\_classification.py:2801: UserWarning: y_pred contains classes not in y_true
  warnings.warn("y_pred contains classes not in y_true")
C:\Users\12432\.conda\envs\decoder\lib\site-packages\sklearn\metrics\_classification.py:2801: UserWarning: y_pred contains classes not in y_true
  warnings.warn("y_pred contains classes not in y_true")
C:\Users\12432\.conda\envs\decoder\lib\site-packages\sklearn\metrics\_classification.py:2801: UserWarning: y_pred contains classes not in y_true
  warnings.warn("y_pred contains classes not in y_true")
  [russian/sub8] vit   acc=0.578 bacc=0.581 (24.0s, 0.66M params)
== russian/sub9
C:\Users\12432\.conda\envs\decoder\lib\site-packages\sklearn\metrics\_classification.py:2801: UserWarning: y_pred contains classes not in y_true
  warnings.warn("y_pred contains classes not in y_true")
C:\Users\12432\.conda\envs\decoder\lib\site-packages\sklearn\metrics\_classification.py:2801: UserWarning: y_pred contains classes not in y_true
  warnings.warn("y_pred contains classes not in y_true")
C:\Users\12432\.conda\envs\decoder\lib\site-packages\sklearn\metrics\_classification.py:2801: UserWarning: y_pred contains classes not in y_true
  warnings.warn("y_pred contains classes not in y_true")
C:\Users\12432\.conda\envs\decoder\lib\site-packages\sklearn\metrics\_classification.py:2801: UserWarning: y_pred contains classes not in y_true
  warnings.warn("y_pred contains classes not in y_true")
C:\Users\12432\.conda\envs\decoder\lib\site-packages\sklearn\metrics\_classification.py:2801: UserWarning: y_pred contains classes not in y_true
  warnings.warn("y_pred contains classes not in y_true")
C:\Users\12432\.conda\envs\decoder\lib\site-packages\sklearn\metrics\_classification.py:2801: UserWarning: y_pred contains classes not in y_true
  warnings.warn("y_pred contains classes not in y_true")
  [russian/sub9] gru   acc=0.543 bacc=0.537 (84.2s, 0.43M params)
C:\Users\12432\.conda\envs\decoder\lib\site-packages\sklearn\metrics\_classification.py:2801: UserWarning: y_pred contains classes not in y_true
  warnings.warn("y_pred contains classes not in y_true")
C:\Users\12432\.conda\envs\decoder\lib\site-packages\sklearn\metrics\_classification.py:2801: UserWarning: y_pred contains classes not in y_true
  warnings.warn("y_pred contains classes not in y_true")
C:\Users\12432\.conda\envs\decoder\lib\site-packages\sklearn\metrics\_classification.py:2801: UserWarning: y_pred contains classes not in y_true
  warnings.warn("y_pred contains classes not in y_true")
C:\Users\12432\.conda\envs\decoder\lib\site-packages\sklearn\metrics\_classification.py:2801: UserWarning: y_pred contains classes not in y_true
  warnings.warn("y_pred contains classes not in y_true")
C:\Users\12432\.conda\envs\decoder\lib\site-packages\sklearn\metrics\_classification.py:2801: UserWarning: y_pred contains classes not in y_true
  warnings.warn("y_pred contains classes not in y_true")
C:\Users\12432\.conda\envs\decoder\lib\site-packages\sklearn\metrics\_classification.py:2801: UserWarning: y_pred contains classes not in y_true
  warnings.warn("y_pred contains classes not in y_true")
  [russian/sub9] lstm  acc=0.425 bacc=0.413 (77.4s, 0.57M params)
C:\Users\12432\.conda\envs\decoder\lib\site-packages\sklearn\metrics\_classification.py:2801: UserWarning: y_pred contains classes not in y_true
  warnings.warn("y_pred contains classes not in y_true")
C:\Users\12432\.conda\envs\decoder\lib\site-packages\sklearn\metrics\_classification.py:2801: UserWarning: y_pred contains classes not in y_true
  warnings.warn("y_pred contains classes not in y_true")
C:\Users\12432\.conda\envs\decoder\lib\site-packages\sklearn\metrics\_classification.py:2801: UserWarning: y_pred contains classes not in y_true
  warnings.warn("y_pred contains classes not in y_true")
C:\Users\12432\.conda\envs\decoder\lib\site-packages\sklearn\metrics\_classification.py:2801: UserWarning: y_pred contains classes not in y_true
  warnings.warn("y_pred contains classes not in y_true")
C:\Users\12432\.conda\envs\decoder\lib\site-packages\sklearn\metrics\_classification.py:2801: UserWarning: y_pred contains classes not in y_true
  warnings.warn("y_pred contains classes not in y_true")
C:\Users\12432\.conda\envs\decoder\lib\site-packages\sklearn\metrics\_classification.py:2801: UserWarning: y_pred contains classes not in y_true
  warnings.warn("y_pred contains classes not in y_true")
  [russian/sub9] vit   acc=0.513 bacc=0.501 (26.4s, 0.65M params)
== spanish/sub0
C:\Users\12432\.conda\envs\decoder\lib\site-packages\sklearn\metrics\_classification.py:2801: UserWarning: y_pred contains classes not in y_true
  warnings.warn("y_pred contains classes not in y_true")
C:\Users\12432\.conda\envs\decoder\lib\site-packages\sklearn\metrics\_classification.py:2801: UserWarning: y_pred contains classes not in y_true
  warnings.warn("y_pred contains classes not in y_true")
C:\Users\12432\.conda\envs\decoder\lib\site-packages\sklearn\metrics\_classification.py:2801: UserWarning: y_pred contains classes not in y_true
  warnings.warn("y_pred contains classes not in y_true")
C:\Users\12432\.conda\envs\decoder\lib\site-packages\sklearn\metrics\_classification.py:2801: UserWarning: y_pred contains classes not in y_true
  warnings.warn("y_pred contains classes not in y_true")
C:\Users\12432\.conda\envs\decoder\lib\site-packages\sklearn\metrics\_classification.py:2801: UserWarning: y_pred contains classes not in y_true
  warnings.warn("y_pred contains classes not in y_true")
C:\Users\12432\.conda\envs\decoder\lib\site-packages\sklearn\metrics\_classification.py:2801: UserWarning: y_pred contains classes not in y_true
  warnings.warn("y_pred contains classes not in y_true")
C:\Users\12432\.conda\envs\decoder\lib\site-packages\sklearn\metrics\_classification.py:2801: UserWarning: y_pred contains classes not in y_true
  warnings.warn("y_pred contains classes not in y_true")
C:\Users\12432\.conda\envs\decoder\lib\site-packages\sklearn\metrics\_classification.py:2801: UserWarning: y_pred contains classes not in y_true
  warnings.warn("y_pred contains classes not in y_true")
C:\Users\12432\.conda\envs\decoder\lib\site-packages\sklearn\metrics\_classification.py:2801: UserWarning: y_pred contains classes not in y_true
  warnings.warn("y_pred contains classes not in y_true")
  [spanish/sub0] gru   acc=0.773 bacc=0.714 (106.9s, 0.43M params)
C:\Users\12432\.conda\envs\decoder\lib\site-packages\sklearn\metrics\_classification.py:2801: UserWarning: y_pred contains classes not in y_true
  warnings.warn("y_pred contains classes not in y_true")
C:\Users\12432\.conda\envs\decoder\lib\site-packages\sklearn\metrics\_classification.py:2801: UserWarning: y_pred contains classes not in y_true
  warnings.warn("y_pred contains classes not in y_true")
C:\Users\12432\.conda\envs\decoder\lib\site-packages\sklearn\metrics\_classification.py:2801: UserWarning: y_pred contains classes not in y_true
  warnings.warn("y_pred contains classes not in y_true")
C:\Users\12432\.conda\envs\decoder\lib\site-packages\sklearn\metrics\_classification.py:2801: UserWarning: y_pred contains classes not in y_true
  warnings.warn("y_pred contains classes not in y_true")
C:\Users\12432\.conda\envs\decoder\lib\site-packages\sklearn\metrics\_classification.py:2801: UserWarning: y_pred contains classes not in y_true
  warnings.warn("y_pred contains classes not in y_true")
C:\Users\12432\.conda\envs\decoder\lib\site-packages\sklearn\metrics\_classification.py:2801: UserWarning: y_pred contains classes not in y_true
  warnings.warn("y_pred contains classes not in y_true")
C:\Users\12432\.conda\envs\decoder\lib\site-packages\sklearn\metrics\_classification.py:2801: UserWarning: y_pred contains classes not in y_true
  warnings.warn("y_pred contains classes not in y_true")
C:\Users\12432\.conda\envs\decoder\lib\site-packages\sklearn\metrics\_classification.py:2801: UserWarning: y_pred contains classes not in y_true
  warnings.warn("y_pred contains classes not in y_true")
C:\Users\12432\.conda\envs\decoder\lib\site-packages\sklearn\metrics\_classification.py:2801: UserWarning: y_pred contains classes not in y_true
  warnings.warn("y_pred contains classes not in y_true")
  [spanish/sub0] lstm  acc=0.817 bacc=0.738 (158.4s, 0.57M params)
C:\Users\12432\.conda\envs\decoder\lib\site-packages\sklearn\metrics\_classification.py:2801: UserWarning: y_pred contains classes not in y_true
  warnings.warn("y_pred contains classes not in y_true")
C:\Users\12432\.conda\envs\decoder\lib\site-packages\sklearn\metrics\_classification.py:2801: UserWarning: y_pred contains classes not in y_true
  warnings.warn("y_pred contains classes not in y_true")
C:\Users\12432\.conda\envs\decoder\lib\site-packages\sklearn\metrics\_classification.py:2801: UserWarning: y_pred contains classes not in y_true
  warnings.warn("y_pred contains classes not in y_true")
C:\Users\12432\.conda\envs\decoder\lib\site-packages\sklearn\metrics\_classification.py:2801: UserWarning: y_pred contains classes not in y_true
  warnings.warn("y_pred contains classes not in y_true")
C:\Users\12432\.conda\envs\decoder\lib\site-packages\sklearn\metrics\_classification.py:2801: UserWarning: y_pred contains classes not in y_true
  warnings.warn("y_pred contains classes not in y_true")
C:\Users\12432\.conda\envs\decoder\lib\site-packages\sklearn\metrics\_classification.py:2801: UserWarning: y_pred contains classes not in y_true
  warnings.warn("y_pred contains classes not in y_true")
C:\Users\12432\.conda\envs\decoder\lib\site-packages\sklearn\metrics\_classification.py:2801: UserWarning: y_pred contains classes not in y_true
  warnings.warn("y_pred contains classes not in y_true")
C:\Users\12432\.conda\envs\decoder\lib\site-packages\sklearn\metrics\_classification.py:2801: UserWarning: y_pred contains classes not in y_true
  warnings.warn("y_pred contains classes not in y_true")
C:\Users\12432\.conda\envs\decoder\lib\site-packages\sklearn\metrics\_classification.py:2801: UserWarning: y_pred contains classes not in y_true
  warnings.warn("y_pred contains classes not in y_true")
  [spanish/sub0] vit   acc=0.615 bacc=0.550 (42.5s, 0.66M params)
== spanish/sub1
C:\Users\12432\.conda\envs\decoder\lib\site-packages\sklearn\metrics\_classification.py:2801: UserWarning: y_pred contains classes not in y_true
  warnings.warn("y_pred contains classes not in y_true")
C:\Users\12432\.conda\envs\decoder\lib\site-packages\sklearn\metrics\_classification.py:2801: UserWarning: y_pred contains classes not in y_true
  warnings.warn("y_pred contains classes not in y_true")
C:\Users\12432\.conda\envs\decoder\lib\site-packages\sklearn\metrics\_classification.py:2801: UserWarning: y_pred contains classes not in y_true
  warnings.warn("y_pred contains classes not in y_true")
C:\Users\12432\.conda\envs\decoder\lib\site-packages\sklearn\metrics\_classification.py:2801: UserWarning: y_pred contains classes not in y_true
  warnings.warn("y_pred contains classes not in y_true")
C:\Users\12432\.conda\envs\decoder\lib\site-packages\sklearn\metrics\_classification.py:2801: UserWarning: y_pred contains classes not in y_true
  warnings.warn("y_pred contains classes not in y_true")
C:\Users\12432\.conda\envs\decoder\lib\site-packages\sklearn\metrics\_classification.py:2801: UserWarning: y_pred contains classes not in y_true
  warnings.warn("y_pred contains classes not in y_true")
C:\Users\12432\.conda\envs\decoder\lib\site-packages\sklearn\metrics\_classification.py:2801: UserWarning: y_pred contains classes not in y_true
  warnings.warn("y_pred contains classes not in y_true")
  [spanish/sub1] gru   acc=0.853 bacc=0.830 (64.2s, 0.43M params)
C:\Users\12432\.conda\envs\decoder\lib\site-packages\sklearn\metrics\_classification.py:2801: UserWarning: y_pred contains classes not in y_true
  warnings.warn("y_pred contains classes not in y_true")
C:\Users\12432\.conda\envs\decoder\lib\site-packages\sklearn\metrics\_classification.py:2801: UserWarning: y_pred contains classes not in y_true
  warnings.warn("y_pred contains classes not in y_true")
C:\Users\12432\.conda\envs\decoder\lib\site-packages\sklearn\metrics\_classification.py:2801: UserWarning: y_pred contains classes not in y_true
  warnings.warn("y_pred contains classes not in y_true")
C:\Users\12432\.conda\envs\decoder\lib\site-packages\sklearn\metrics\_classification.py:2801: UserWarning: y_pred contains classes not in y_true
  warnings.warn("y_pred contains classes not in y_true")
C:\Users\12432\.conda\envs\decoder\lib\site-packages\sklearn\metrics\_classification.py:2801: UserWarning: y_pred contains classes not in y_true
  warnings.warn("y_pred contains classes not in y_true")
C:\Users\12432\.conda\envs\decoder\lib\site-packages\sklearn\metrics\_classification.py:2801: UserWarning: y_pred contains classes not in y_true
  warnings.warn("y_pred contains classes not in y_true")
C:\Users\12432\.conda\envs\decoder\lib\site-packages\sklearn\metrics\_classification.py:2801: UserWarning: y_pred contains classes not in y_true
  warnings.warn("y_pred contains classes not in y_true")
C:\Users\12432\.conda\envs\decoder\lib\site-packages\sklearn\metrics\_classification.py:2801: UserWarning: y_pred contains classes not in y_true
  warnings.warn("y_pred contains classes not in y_true")
  [spanish/sub1] lstm  acc=0.812 bacc=0.793 (91.9s, 0.57M params)
C:\Users\12432\.conda\envs\decoder\lib\site-packages\sklearn\metrics\_classification.py:2801: UserWarning: y_pred contains classes not in y_true
  warnings.warn("y_pred contains classes not in y_true")
C:\Users\12432\.conda\envs\decoder\lib\site-packages\sklearn\metrics\_classification.py:2801: UserWarning: y_pred contains classes not in y_true
  warnings.warn("y_pred contains classes not in y_true")
C:\Users\12432\.conda\envs\decoder\lib\site-packages\sklearn\metrics\_classification.py:2801: UserWarning: y_pred contains classes not in y_true
  warnings.warn("y_pred contains classes not in y_true")
C:\Users\12432\.conda\envs\decoder\lib\site-packages\sklearn\metrics\_classification.py:2801: UserWarning: y_pred contains classes not in y_true
  warnings.warn("y_pred contains classes not in y_true")
C:\Users\12432\.conda\envs\decoder\lib\site-packages\sklearn\metrics\_classification.py:2801: UserWarning: y_pred contains classes not in y_true
  warnings.warn("y_pred contains classes not in y_true")
C:\Users\12432\.conda\envs\decoder\lib\site-packages\sklearn\metrics\_classification.py:2801: UserWarning: y_pred contains classes not in y_true
  warnings.warn("y_pred contains classes not in y_true")
C:\Users\12432\.conda\envs\decoder\lib\site-packages\sklearn\metrics\_classification.py:2801: UserWarning: y_pred contains classes not in y_true
  warnings.warn("y_pred contains classes not in y_true")
  [spanish/sub1] vit   acc=0.766 bacc=0.740 (27.6s, 0.66M params)
== spanish/sub2
C:\Users\12432\.conda\envs\decoder\lib\site-packages\sklearn\metrics\_classification.py:2801: UserWarning: y_pred contains classes not in y_true
  warnings.warn("y_pred contains classes not in y_true")
C:\Users\12432\.conda\envs\decoder\lib\site-packages\sklearn\metrics\_classification.py:2801: UserWarning: y_pred contains classes not in y_true
  warnings.warn("y_pred contains classes not in y_true")
C:\Users\12432\.conda\envs\decoder\lib\site-packages\sklearn\metrics\_classification.py:534: UserWarning: A single label was found in 'y_true' and 'y_pred'. For the confusion matrix to have the correct shape, use the 'labels' parameter to pass all known labels.
  warnings.warn(
C:\Users\12432\.conda\envs\decoder\lib\site-packages\sklearn\metrics\_classification.py:2801: UserWarning: y_pred contains classes not in y_true
  warnings.warn("y_pred contains classes not in y_true")
C:\Users\12432\.conda\envs\decoder\lib\site-packages\sklearn\metrics\_classification.py:2801: UserWarning: y_pred contains classes not in y_true
  warnings.warn("y_pred contains classes not in y_true")
  [spanish/sub2] gru   acc=0.926 bacc=0.908 (91.0s, 0.43M params)
C:\Users\12432\.conda\envs\decoder\lib\site-packages\sklearn\metrics\_classification.py:2801: UserWarning: y_pred contains classes not in y_true
  warnings.warn("y_pred contains classes not in y_true")
C:\Users\12432\.conda\envs\decoder\lib\site-packages\sklearn\metrics\_classification.py:2801: UserWarning: y_pred contains classes not in y_true
  warnings.warn("y_pred contains classes not in y_true")
C:\Users\12432\.conda\envs\decoder\lib\site-packages\sklearn\metrics\_classification.py:534: UserWarning: A single label was found in 'y_true' and 'y_pred'. For the confusion matrix to have the correct shape, use the 'labels' parameter to pass all known labels.
  warnings.warn(
C:\Users\12432\.conda\envs\decoder\lib\site-packages\sklearn\metrics\_classification.py:534: UserWarning: A single label was found in 'y_true' and 'y_pred'. For the confusion matrix to have the correct shape, use the 'labels' parameter to pass all known labels.
  warnings.warn(
C:\Users\12432\.conda\envs\decoder\lib\site-packages\sklearn\metrics\_classification.py:2801: UserWarning: y_pred contains classes not in y_true
  warnings.warn("y_pred contains classes not in y_true")
  [spanish/sub2] lstm  acc=0.929 bacc=0.916 (143.6s, 0.57M params)
C:\Users\12432\.conda\envs\decoder\lib\site-packages\sklearn\metrics\_classification.py:2801: UserWarning: y_pred contains classes not in y_true
  warnings.warn("y_pred contains classes not in y_true")
C:\Users\12432\.conda\envs\decoder\lib\site-packages\sklearn\metrics\_classification.py:2801: UserWarning: y_pred contains classes not in y_true
  warnings.warn("y_pred contains classes not in y_true")
C:\Users\12432\.conda\envs\decoder\lib\site-packages\sklearn\metrics\_classification.py:2801: UserWarning: y_pred contains classes not in y_true
  warnings.warn("y_pred contains classes not in y_true")
C:\Users\12432\.conda\envs\decoder\lib\site-packages\sklearn\metrics\_classification.py:534: UserWarning: A single label was found in 'y_true' and 'y_pred'. For the confusion matrix to have the correct shape, use the 'labels' parameter to pass all known labels.
  warnings.warn(
C:\Users\12432\.conda\envs\decoder\lib\site-packages\sklearn\metrics\_classification.py:2801: UserWarning: y_pred contains classes not in y_true
  warnings.warn("y_pred contains classes not in y_true")
C:\Users\12432\.conda\envs\decoder\lib\site-packages\sklearn\metrics\_classification.py:2801: UserWarning: y_pred contains classes not in y_true
  warnings.warn("y_pred contains classes not in y_true")
C:\Users\12432\.conda\envs\decoder\lib\site-packages\sklearn\metrics\_classification.py:2801: UserWarning: y_pred contains classes not in y_true
  warnings.warn("y_pred contains classes not in y_true")
  [spanish/sub2] vit   acc=0.899 bacc=0.881 (29.9s, 0.66M params)
== spanish/sub3
C:\Users\12432\.conda\envs\decoder\lib\site-packages\sklearn\metrics\_classification.py:2801: UserWarning: y_pred contains classes not in y_true
  warnings.warn("y_pred contains classes not in y_true")
C:\Users\12432\.conda\envs\decoder\lib\site-packages\sklearn\metrics\_classification.py:2801: UserWarning: y_pred contains classes not in y_true
  warnings.warn("y_pred contains classes not in y_true")
C:\Users\12432\.conda\envs\decoder\lib\site-packages\sklearn\metrics\_classification.py:2801: UserWarning: y_pred contains classes not in y_true
  warnings.warn("y_pred contains classes not in y_true")
C:\Users\12432\.conda\envs\decoder\lib\site-packages\sklearn\metrics\_classification.py:2801: UserWarning: y_pred contains classes not in y_true
  warnings.warn("y_pred contains classes not in y_true")
C:\Users\12432\.conda\envs\decoder\lib\site-packages\sklearn\metrics\_classification.py:2801: UserWarning: y_pred contains classes not in y_true
  warnings.warn("y_pred contains classes not in y_true")
C:\Users\12432\.conda\envs\decoder\lib\site-packages\sklearn\metrics\_classification.py:2801: UserWarning: y_pred contains classes not in y_true
  warnings.warn("y_pred contains classes not in y_true")
C:\Users\12432\.conda\envs\decoder\lib\site-packages\sklearn\metrics\_classification.py:2801: UserWarning: y_pred contains classes not in y_true
  warnings.warn("y_pred contains classes not in y_true")
  [spanish/sub3] gru   acc=0.762 bacc=0.761 (67.6s, 0.43M params)
C:\Users\12432\.conda\envs\decoder\lib\site-packages\sklearn\metrics\_classification.py:2801: UserWarning: y_pred contains classes not in y_true
  warnings.warn("y_pred contains classes not in y_true")
C:\Users\12432\.conda\envs\decoder\lib\site-packages\sklearn\metrics\_classification.py:2801: UserWarning: y_pred contains classes not in y_true
  warnings.warn("y_pred contains classes not in y_true")
C:\Users\12432\.conda\envs\decoder\lib\site-packages\sklearn\metrics\_classification.py:2801: UserWarning: y_pred contains classes not in y_true
  warnings.warn("y_pred contains classes not in y_true")
C:\Users\12432\.conda\envs\decoder\lib\site-packages\sklearn\metrics\_classification.py:2801: UserWarning: y_pred contains classes not in y_true
  warnings.warn("y_pred contains classes not in y_true")
C:\Users\12432\.conda\envs\decoder\lib\site-packages\sklearn\metrics\_classification.py:2801: UserWarning: y_pred contains classes not in y_true
  warnings.warn("y_pred contains classes not in y_true")
C:\Users\12432\.conda\envs\decoder\lib\site-packages\sklearn\metrics\_classification.py:2801: UserWarning: y_pred contains classes not in y_true
  warnings.warn("y_pred contains classes not in y_true")
C:\Users\12432\.conda\envs\decoder\lib\site-packages\sklearn\metrics\_classification.py:2801: UserWarning: y_pred contains classes not in y_true
  warnings.warn("y_pred contains classes not in y_true")
  [spanish/sub3] lstm  acc=0.764 bacc=0.772 (73.8s, 0.57M params)
C:\Users\12432\.conda\envs\decoder\lib\site-packages\sklearn\metrics\_classification.py:2801: UserWarning: y_pred contains classes not in y_true
  warnings.warn("y_pred contains classes not in y_true")
C:\Users\12432\.conda\envs\decoder\lib\site-packages\sklearn\metrics\_classification.py:2801: UserWarning: y_pred contains classes not in y_true
  warnings.warn("y_pred contains classes not in y_true")
C:\Users\12432\.conda\envs\decoder\lib\site-packages\sklearn\metrics\_classification.py:2801: UserWarning: y_pred contains classes not in y_true
  warnings.warn("y_pred contains classes not in y_true")
C:\Users\12432\.conda\envs\decoder\lib\site-packages\sklearn\metrics\_classification.py:2801: UserWarning: y_pred contains classes not in y_true
  warnings.warn("y_pred contains classes not in y_true")
C:\Users\12432\.conda\envs\decoder\lib\site-packages\sklearn\metrics\_classification.py:2801: UserWarning: y_pred contains classes not in y_true
  warnings.warn("y_pred contains classes not in y_true")
C:\Users\12432\.conda\envs\decoder\lib\site-packages\sklearn\metrics\_classification.py:2801: UserWarning: y_pred contains classes not in y_true
  warnings.warn("y_pred contains classes not in y_true")
C:\Users\12432\.conda\envs\decoder\lib\site-packages\sklearn\metrics\_classification.py:2801: UserWarning: y_pred contains classes not in y_true
  warnings.warn("y_pred contains classes not in y_true")
  [spanish/sub3] vit   acc=0.604 bacc=0.613 (21.6s, 0.66M params)
== spanish/sub4
C:\Users\12432\.conda\envs\decoder\lib\site-packages\sklearn\metrics\_classification.py:2801: UserWarning: y_pred contains classes not in y_true
  warnings.warn("y_pred contains classes not in y_true")
C:\Users\12432\.conda\envs\decoder\lib\site-packages\sklearn\metrics\_classification.py:2801: UserWarning: y_pred contains classes not in y_true
  warnings.warn("y_pred contains classes not in y_true")
C:\Users\12432\.conda\envs\decoder\lib\site-packages\sklearn\metrics\_classification.py:2801: UserWarning: y_pred contains classes not in y_true
  warnings.warn("y_pred contains classes not in y_true")
  [spanish/sub4] gru   acc=0.907 bacc=0.901 (33.0s, 0.43M params)
C:\Users\12432\.conda\envs\decoder\lib\site-packages\sklearn\metrics\_classification.py:2801: UserWarning: y_pred contains classes not in y_true
  warnings.warn("y_pred contains classes not in y_true")
C:\Users\12432\.conda\envs\decoder\lib\site-packages\sklearn\metrics\_classification.py:534: UserWarning: A single label was found in 'y_true' and 'y_pred'. For the confusion matrix to have the correct shape, use the 'labels' parameter to pass all known labels.
  warnings.warn(
C:\Users\12432\.conda\envs\decoder\lib\site-packages\sklearn\metrics\_classification.py:2801: UserWarning: y_pred contains classes not in y_true
  warnings.warn("y_pred contains classes not in y_true")
C:\Users\12432\.conda\envs\decoder\lib\site-packages\sklearn\metrics\_classification.py:2801: UserWarning: y_pred contains classes not in y_true
  warnings.warn("y_pred contains classes not in y_true")
  [spanish/sub4] lstm  acc=0.900 bacc=0.884 (55.0s, 0.57M params)
C:\Users\12432\.conda\envs\decoder\lib\site-packages\sklearn\metrics\_classification.py:2801: UserWarning: y_pred contains classes not in y_true
  warnings.warn("y_pred contains classes not in y_true")
C:\Users\12432\.conda\envs\decoder\lib\site-packages\sklearn\metrics\_classification.py:2801: UserWarning: y_pred contains classes not in y_true
  warnings.warn("y_pred contains classes not in y_true")
C:\Users\12432\.conda\envs\decoder\lib\site-packages\sklearn\metrics\_classification.py:2801: UserWarning: y_pred contains classes not in y_true
  warnings.warn("y_pred contains classes not in y_true")
C:\Users\12432\.conda\envs\decoder\lib\site-packages\sklearn\metrics\_classification.py:2801: UserWarning: y_pred contains classes not in y_true
  warnings.warn("y_pred contains classes not in y_true")
  [spanish/sub4] vit   acc=0.732 bacc=0.713 (17.9s, 0.66M params)
== spanish/sub5
C:\Users\12432\.conda\envs\decoder\lib\site-packages\sklearn\metrics\_classification.py:2801: UserWarning: y_pred contains classes not in y_true
  warnings.warn("y_pred contains classes not in y_true")
C:\Users\12432\.conda\envs\decoder\lib\site-packages\sklearn\metrics\_classification.py:2801: UserWarning: y_pred contains classes not in y_true
  warnings.warn("y_pred contains classes not in y_true")
C:\Users\12432\.conda\envs\decoder\lib\site-packages\sklearn\metrics\_classification.py:534: UserWarning: A single label was found in 'y_true' and 'y_pred'. For the confusion matrix to have the correct shape, use the 'labels' parameter to pass all known labels.
  warnings.warn(
C:\Users\12432\.conda\envs\decoder\lib\site-packages\sklearn\metrics\_classification.py:2801: UserWarning: y_pred contains classes not in y_true
  warnings.warn("y_pred contains classes not in y_true")
C:\Users\12432\.conda\envs\decoder\lib\site-packages\sklearn\metrics\_classification.py:2801: UserWarning: y_pred contains classes not in y_true
  warnings.warn("y_pred contains classes not in y_true")
C:\Users\12432\.conda\envs\decoder\lib\site-packages\sklearn\metrics\_classification.py:2801: UserWarning: y_pred contains classes not in y_true
  warnings.warn("y_pred contains classes not in y_true")
  [spanish/sub5] gru   acc=0.799 bacc=0.752 (69.1s, 0.43M params)
C:\Users\12432\.conda\envs\decoder\lib\site-packages\sklearn\metrics\_classification.py:2801: UserWarning: y_pred contains classes not in y_true
  warnings.warn("y_pred contains classes not in y_true")
C:\Users\12432\.conda\envs\decoder\lib\site-packages\sklearn\metrics\_classification.py:2801: UserWarning: y_pred contains classes not in y_true
  warnings.warn("y_pred contains classes not in y_true")
C:\Users\12432\.conda\envs\decoder\lib\site-packages\sklearn\metrics\_classification.py:2801: UserWarning: y_pred contains classes not in y_true
  warnings.warn("y_pred contains classes not in y_true")
C:\Users\12432\.conda\envs\decoder\lib\site-packages\sklearn\metrics\_classification.py:2801: UserWarning: y_pred contains classes not in y_true
  warnings.warn("y_pred contains classes not in y_true")
C:\Users\12432\.conda\envs\decoder\lib\site-packages\sklearn\metrics\_classification.py:2801: UserWarning: y_pred contains classes not in y_true
  warnings.warn("y_pred contains classes not in y_true")
C:\Users\12432\.conda\envs\decoder\lib\site-packages\sklearn\metrics\_classification.py:2801: UserWarning: y_pred contains classes not in y_true
  warnings.warn("y_pred contains classes not in y_true")
  [spanish/sub5] lstm  acc=0.761 bacc=0.732 (120.9s, 0.57M params)
C:\Users\12432\.conda\envs\decoder\lib\site-packages\sklearn\metrics\_classification.py:2801: UserWarning: y_pred contains classes not in y_true
  warnings.warn("y_pred contains classes not in y_true")
C:\Users\12432\.conda\envs\decoder\lib\site-packages\sklearn\metrics\_classification.py:2801: UserWarning: y_pred contains classes not in y_true
  warnings.warn("y_pred contains classes not in y_true")
C:\Users\12432\.conda\envs\decoder\lib\site-packages\sklearn\metrics\_classification.py:2801: UserWarning: y_pred contains classes not in y_true
  warnings.warn("y_pred contains classes not in y_true")
C:\Users\12432\.conda\envs\decoder\lib\site-packages\sklearn\metrics\_classification.py:2801: UserWarning: y_pred contains classes not in y_true
  warnings.warn("y_pred contains classes not in y_true")
C:\Users\12432\.conda\envs\decoder\lib\site-packages\sklearn\metrics\_classification.py:2801: UserWarning: y_pred contains classes not in y_true
  warnings.warn("y_pred contains classes not in y_true")
C:\Users\12432\.conda\envs\decoder\lib\site-packages\sklearn\metrics\_classification.py:2801: UserWarning: y_pred contains classes not in y_true
  warnings.warn("y_pred contains classes not in y_true")
  [spanish/sub5] vit   acc=0.585 bacc=0.566 (20.3s, 0.66M params)
== spanish/sub6
C:\Users\12432\.conda\envs\decoder\lib\site-packages\sklearn\metrics\_classification.py:2801: UserWarning: y_pred contains classes not in y_true
  warnings.warn("y_pred contains classes not in y_true")
C:\Users\12432\.conda\envs\decoder\lib\site-packages\sklearn\metrics\_classification.py:2801: UserWarning: y_pred contains classes not in y_true
  warnings.warn("y_pred contains classes not in y_true")
C:\Users\12432\.conda\envs\decoder\lib\site-packages\sklearn\metrics\_classification.py:2801: UserWarning: y_pred contains classes not in y_true
  warnings.warn("y_pred contains classes not in y_true")
C:\Users\12432\.conda\envs\decoder\lib\site-packages\sklearn\metrics\_classification.py:2801: UserWarning: y_pred contains classes not in y_true
  warnings.warn("y_pred contains classes not in y_true")
  [spanish/sub6] gru   acc=0.874 bacc=0.877 (84.2s, 0.43M params)
C:\Users\12432\.conda\envs\decoder\lib\site-packages\sklearn\metrics\_classification.py:2801: UserWarning: y_pred contains classes not in y_true
  warnings.warn("y_pred contains classes not in y_true")
C:\Users\12432\.conda\envs\decoder\lib\site-packages\sklearn\metrics\_classification.py:2801: UserWarning: y_pred contains classes not in y_true
  warnings.warn("y_pred contains classes not in y_true")
C:\Users\12432\.conda\envs\decoder\lib\site-packages\sklearn\metrics\_classification.py:2801: UserWarning: y_pred contains classes not in y_true
  warnings.warn("y_pred contains classes not in y_true")
C:\Users\12432\.conda\envs\decoder\lib\site-packages\sklearn\metrics\_classification.py:2801: UserWarning: y_pred contains classes not in y_true
  warnings.warn("y_pred contains classes not in y_true")
  [spanish/sub6] lstm  acc=0.783 bacc=0.809 (135.9s, 0.57M params)
C:\Users\12432\.conda\envs\decoder\lib\site-packages\sklearn\metrics\_classification.py:2801: UserWarning: y_pred contains classes not in y_true
  warnings.warn("y_pred contains classes not in y_true")
C:\Users\12432\.conda\envs\decoder\lib\site-packages\sklearn\metrics\_classification.py:2801: UserWarning: y_pred contains classes not in y_true
  warnings.warn("y_pred contains classes not in y_true")
C:\Users\12432\.conda\envs\decoder\lib\site-packages\sklearn\metrics\_classification.py:2801: UserWarning: y_pred contains classes not in y_true
  warnings.warn("y_pred contains classes not in y_true")
C:\Users\12432\.conda\envs\decoder\lib\site-packages\sklearn\metrics\_classification.py:2801: UserWarning: y_pred contains classes not in y_true
  warnings.warn("y_pred contains classes not in y_true")
C:\Users\12432\.conda\envs\decoder\lib\site-packages\sklearn\metrics\_classification.py:2801: UserWarning: y_pred contains classes not in y_true
  warnings.warn("y_pred contains classes not in y_true")
  [spanish/sub6] vit   acc=0.598 bacc=0.560 (27.7s, 0.66M params)
== spanish/sub7
C:\Users\12432\.conda\envs\decoder\lib\site-packages\sklearn\metrics\_classification.py:2801: UserWarning: y_pred contains classes not in y_true
  warnings.warn("y_pred contains classes not in y_true")
C:\Users\12432\.conda\envs\decoder\lib\site-packages\sklearn\metrics\_classification.py:2801: UserWarning: y_pred contains classes not in y_true
  warnings.warn("y_pred contains classes not in y_true")
C:\Users\12432\.conda\envs\decoder\lib\site-packages\sklearn\metrics\_classification.py:2801: UserWarning: y_pred contains classes not in y_true
  warnings.warn("y_pred contains classes not in y_true")
C:\Users\12432\.conda\envs\decoder\lib\site-packages\sklearn\metrics\_classification.py:2801: UserWarning: y_pred contains classes not in y_true
  warnings.warn("y_pred contains classes not in y_true")
  [spanish/sub7] gru   acc=0.820 bacc=0.815 (55.3s, 0.43M params)
C:\Users\12432\.conda\envs\decoder\lib\site-packages\sklearn\metrics\_classification.py:2801: UserWarning: y_pred contains classes not in y_true
  warnings.warn("y_pred contains classes not in y_true")
C:\Users\12432\.conda\envs\decoder\lib\site-packages\sklearn\metrics\_classification.py:2801: UserWarning: y_pred contains classes not in y_true
  warnings.warn("y_pred contains classes not in y_true")
C:\Users\12432\.conda\envs\decoder\lib\site-packages\sklearn\metrics\_classification.py:2801: UserWarning: y_pred contains classes not in y_true
  warnings.warn("y_pred contains classes not in y_true")
C:\Users\12432\.conda\envs\decoder\lib\site-packages\sklearn\metrics\_classification.py:2801: UserWarning: y_pred contains classes not in y_true
  warnings.warn("y_pred contains classes not in y_true")
C:\Users\12432\.conda\envs\decoder\lib\site-packages\sklearn\metrics\_classification.py:2801: UserWarning: y_pred contains classes not in y_true
  warnings.warn("y_pred contains classes not in y_true")
  [spanish/sub7] lstm  acc=0.855 bacc=0.849 (56.2s, 0.57M params)
C:\Users\12432\.conda\envs\decoder\lib\site-packages\sklearn\metrics\_classification.py:2801: UserWarning: y_pred contains classes not in y_true
  warnings.warn("y_pred contains classes not in y_true")
C:\Users\12432\.conda\envs\decoder\lib\site-packages\sklearn\metrics\_classification.py:2801: UserWarning: y_pred contains classes not in y_true
  warnings.warn("y_pred contains classes not in y_true")
C:\Users\12432\.conda\envs\decoder\lib\site-packages\sklearn\metrics\_classification.py:2801: UserWarning: y_pred contains classes not in y_true
  warnings.warn("y_pred contains classes not in y_true")
C:\Users\12432\.conda\envs\decoder\lib\site-packages\sklearn\metrics\_classification.py:2801: UserWarning: y_pred contains classes not in y_true
  warnings.warn("y_pred contains classes not in y_true")
C:\Users\12432\.conda\envs\decoder\lib\site-packages\sklearn\metrics\_classification.py:2801: UserWarning: y_pred contains classes not in y_true
  warnings.warn("y_pred contains classes not in y_true")
  [spanish/sub7] vit   acc=0.611 bacc=0.587 (22.2s, 0.66M params)
== spanish/sub8
C:\Users\12432\.conda\envs\decoder\lib\site-packages\sklearn\metrics\_classification.py:2801: UserWarning: y_pred contains classes not in y_true
  warnings.warn("y_pred contains classes not in y_true")
C:\Users\12432\.conda\envs\decoder\lib\site-packages\sklearn\metrics\_classification.py:2801: UserWarning: y_pred contains classes not in y_true
  warnings.warn("y_pred contains classes not in y_true")
C:\Users\12432\.conda\envs\decoder\lib\site-packages\sklearn\metrics\_classification.py:2801: UserWarning: y_pred contains classes not in y_true
  warnings.warn("y_pred contains classes not in y_true")
C:\Users\12432\.conda\envs\decoder\lib\site-packages\sklearn\metrics\_classification.py:2801: UserWarning: y_pred contains classes not in y_true
  warnings.warn("y_pred contains classes not in y_true")
  [spanish/sub8] gru   acc=0.768 bacc=0.727 (48.8s, 0.43M params)
C:\Users\12432\.conda\envs\decoder\lib\site-packages\sklearn\metrics\_classification.py:2801: UserWarning: y_pred contains classes not in y_true
  warnings.warn("y_pred contains classes not in y_true")
C:\Users\12432\.conda\envs\decoder\lib\site-packages\sklearn\metrics\_classification.py:2801: UserWarning: y_pred contains classes not in y_true
  warnings.warn("y_pred contains classes not in y_true")
C:\Users\12432\.conda\envs\decoder\lib\site-packages\sklearn\metrics\_classification.py:2801: UserWarning: y_pred contains classes not in y_true
  warnings.warn("y_pred contains classes not in y_true")
C:\Users\12432\.conda\envs\decoder\lib\site-packages\sklearn\metrics\_classification.py:2801: UserWarning: y_pred contains classes not in y_true
  warnings.warn("y_pred contains classes not in y_true")
  [spanish/sub8] lstm  acc=0.778 bacc=0.748 (61.4s, 0.57M params)
C:\Users\12432\.conda\envs\decoder\lib\site-packages\sklearn\metrics\_classification.py:2801: UserWarning: y_pred contains classes not in y_true
  warnings.warn("y_pred contains classes not in y_true")
C:\Users\12432\.conda\envs\decoder\lib\site-packages\sklearn\metrics\_classification.py:2801: UserWarning: y_pred contains classes not in y_true
  warnings.warn("y_pred contains classes not in y_true")
C:\Users\12432\.conda\envs\decoder\lib\site-packages\sklearn\metrics\_classification.py:2801: UserWarning: y_pred contains classes not in y_true
  warnings.warn("y_pred contains classes not in y_true")
C:\Users\12432\.conda\envs\decoder\lib\site-packages\sklearn\metrics\_classification.py:2801: UserWarning: y_pred contains classes not in y_true
  warnings.warn("y_pred contains classes not in y_true")
C:\Users\12432\.conda\envs\decoder\lib\site-packages\sklearn\metrics\_classification.py:2801: UserWarning: y_pred contains classes not in y_true
  warnings.warn("y_pred contains classes not in y_true")
  [spanish/sub8] vit   acc=0.708 bacc=0.678 (25.0s, 0.66M params)
== spanish/sub9
C:\Users\12432\.conda\envs\decoder\lib\site-packages\sklearn\metrics\_classification.py:2801: UserWarning: y_pred contains classes not in y_true
  warnings.warn("y_pred contains classes not in y_true")
C:\Users\12432\.conda\envs\decoder\lib\site-packages\sklearn\metrics\_classification.py:2801: UserWarning: y_pred contains classes not in y_true
  warnings.warn("y_pred contains classes not in y_true")
C:\Users\12432\.conda\envs\decoder\lib\site-packages\sklearn\metrics\_classification.py:2801: UserWarning: y_pred contains classes not in y_true
  warnings.warn("y_pred contains classes not in y_true")
C:\Users\12432\.conda\envs\decoder\lib\site-packages\sklearn\metrics\_classification.py:2801: UserWarning: y_pred contains classes not in y_true
  warnings.warn("y_pred contains classes not in y_true")
  [spanish/sub9] gru   acc=0.885 bacc=0.882 (57.4s, 0.43M params)
C:\Users\12432\.conda\envs\decoder\lib\site-packages\sklearn\metrics\_classification.py:2801: UserWarning: y_pred contains classes not in y_true
  warnings.warn("y_pred contains classes not in y_true")
C:\Users\12432\.conda\envs\decoder\lib\site-packages\sklearn\metrics\_classification.py:2801: UserWarning: y_pred contains classes not in y_true
  warnings.warn("y_pred contains classes not in y_true")
C:\Users\12432\.conda\envs\decoder\lib\site-packages\sklearn\metrics\_classification.py:2801: UserWarning: y_pred contains classes not in y_true
  warnings.warn("y_pred contains classes not in y_true")
C:\Users\12432\.conda\envs\decoder\lib\site-packages\sklearn\metrics\_classification.py:2801: UserWarning: y_pred contains classes not in y_true
  warnings.warn("y_pred contains classes not in y_true")
C:\Users\12432\.conda\envs\decoder\lib\site-packages\sklearn\metrics\_classification.py:2801: UserWarning: y_pred contains classes not in y_true
  warnings.warn("y_pred contains classes not in y_true")
C:\Users\12432\.conda\envs\decoder\lib\site-packages\sklearn\metrics\_classification.py:2801: UserWarning: y_pred contains classes not in y_true
  warnings.warn("y_pred contains classes not in y_true")
  [spanish/sub9] lstm  acc=0.867 bacc=0.863 (66.9s, 0.57M params)
C:\Users\12432\.conda\envs\decoder\lib\site-packages\sklearn\metrics\_classification.py:2801: UserWarning: y_pred contains classes not in y_true
  warnings.warn("y_pred contains classes not in y_true")
C:\Users\12432\.conda\envs\decoder\lib\site-packages\sklearn\metrics\_classification.py:2801: UserWarning: y_pred contains classes not in y_true
  warnings.warn("y_pred contains classes not in y_true")
C:\Users\12432\.conda\envs\decoder\lib\site-packages\sklearn\metrics\_classification.py:2801: UserWarning: y_pred contains classes not in y_true
  warnings.warn("y_pred contains classes not in y_true")
C:\Users\12432\.conda\envs\decoder\lib\site-packages\sklearn\metrics\_classification.py:2801: UserWarning: y_pred contains classes not in y_true
  warnings.warn("y_pred contains classes not in y_true")
C:\Users\12432\.conda\envs\decoder\lib\site-packages\sklearn\metrics\_classification.py:2801: UserWarning: y_pred contains classes not in y_true
  warnings.warn("y_pred contains classes not in y_true")
  [spanish/sub9] vit   acc=0.732 bacc=0.738 (27.4s, 0.66M params)

=== per-model summary (mean over subjects) ===
      acc_mean        balanced_acc       
          mean    std         mean    std
model                                    
gru      0.732  0.161        0.723  0.156
lstm     0.709  0.177        0.701  0.171
vit      0.605  0.143        0.592  0.139
saved -> D:\repositories\20260831_EEG_6_Words\experiments\results\dl_results.csv
