== russian/sub1
C:\Users\12432\.conda\envs\decoder\lib\site-packages\sklearn\metrics\_classification.py:2801: UserWarning: y_pred contains classes not in y_true
  warnings.warn("y_pred contains classes not in y_true")
C:\Users\12432\.conda\envs\decoder\lib\site-packages\sklearn\metrics\_classification.py:2801: UserWarning: y_pred contains classes not in y_true
  warnings.warn("y_pred contains classes not in y_true")
C:\Users\12432\.conda\envs\decoder\lib\site-packages\sklearn\metrics\_classification.py:2801: UserWarning: y_pred contains classes not in y_true
  warnings.warn("y_pred contains classes not in y_true")
C:\Users\12432\.conda\envs\decoder\lib\site-packages\sklearn\metrics\_classification.py:2801: UserWarning: y_pred contains classes not in y_true
  warnings.warn("y_pred contains classes not in y_true")
C:\Users\12432\.conda\envs\decoder\lib\site-packages\sklearn\metrics\_classification.py:2801: UserWarning: y_pred contains classes not in y_true
  warnings.warn("y_pred contains classes not in y_true")
C:\Users\12432\.conda\envs\decoder\lib\site-packages\sklearn\metrics\_classification.py:2801: UserWarning: y_pred contains classes not in y_true
  warnings.warn("y_pred contains classes not in y_true")
C:\Users\12432\.conda\envs\decoder\lib\site-packages\sklearn\metrics\_classification.py:2801: UserWarning: y_pred contains classes not in y_true
  warnings.warn("y_pred contains classes not in y_true")
C:\Users\12432\.conda\envs\decoder\lib\site-packages\sklearn\metrics\_classification.py:2801: UserWarning: y_pred contains classes not in y_true
  warnings.warn("y_pred contains classes not in y_true")
C:\Users\12432\.conda\envs\decoder\lib\site-packages\sklearn\metrics\_classification.py:2801: UserWarning: y_pred contains classes not in y_true
  warnings.warn("y_pred contains classes not in y_true")
  [russian/sub1] rf          acc=0.649 bacc=0.662 (4.9s)
C:\Users\12432\.conda\envs\decoder\lib\site-packages\sklearn\metrics\_classification.py:2801: UserWarning: y_pred contains classes not in y_true
  warnings.warn("y_pred contains classes not in y_true")
C:\Users\12432\.conda\envs\decoder\lib\site-packages\sklearn\metrics\_classification.py:2801: UserWarning: y_pred contains classes not in y_true
  warnings.warn("y_pred contains classes not in y_true")
C:\Users\12432\.conda\envs\decoder\lib\site-packages\sklearn\metrics\_classification.py:2801: UserWarning: y_pred contains classes not in y_true
  warnings.warn("y_pred contains classes not in y_true")
C:\Users\12432\.conda\envs\decoder\lib\site-packages\sklearn\metrics\_classification.py:2801: UserWarning: y_pred contains classes not in y_true
  warnings.warn("y_pred contains classes not in y_true")
C:\Users\12432\.conda\envs\decoder\lib\site-packages\sklearn\metrics\_classification.py:2801: UserWarning: y_pred contains classes not in y_true
  warnings.warn("y_pred contains classes not in y_true")
C:\Users\12432\.conda\envs\decoder\lib\site-packages\sklearn\metrics\_classification.py:2801: UserWarning: y_pred contains classes not in y_true
  warnings.warn("y_pred contains classes not in y_true")
C:\Users\12432\.conda\envs\decoder\lib\site-packages\sklearn\metrics\_classification.py:2801: UserWarning: y_pred contains classes not in y_true
  warnings.warn("y_pred contains classes not in y_true")
C:\Users\12432\.conda\envs\decoder\lib\site-packages\sklearn\metrics\_classification.py:2801: UserWarning: y_pred contains classes not in y_true
  warnings.warn("y_pred contains classes not in y_true")
C:\Users\12432\.conda\envs\decoder\lib\site-packages\sklearn\metrics\_classification.py:2801: UserWarning: y_pred contains classes not in y_true
  warnings.warn("y_pred contains classes not in y_true")
  [russian/sub1] svm_linear  acc=0.604 bacc=0.590 (0.5s)
C:\Users\12432\.conda\envs\decoder\lib\site-packages\sklearn\metrics\_classification.py:2801: UserWarning: y_pred contains classes not in y_true
  warnings.warn("y_pred contains classes not in y_true")
C:\Users\12432\.conda\envs\decoder\lib\site-packages\sklearn\metrics\_classification.py:2801: UserWarning: y_pred contains classes not in y_true
  warnings.warn("y_pred contains classes not in y_true")
C:\Users\12432\.conda\envs\decoder\lib\site-packages\sklearn\metrics\_classification.py:2801: UserWarning: y_pred contains classes not in y_true
  warnings.warn("y_pred contains classes not in y_true")
C:\Users\12432\.conda\envs\decoder\lib\site-packages\sklearn\metrics\_classification.py:2801: UserWarning: y_pred contains classes not in y_true
  warnings.warn("y_pred contains classes not in y_true")
C:\Users\12432\.conda\envs\decoder\lib\site-packages\sklearn\metrics\_classification.py:2801: UserWarning: y_pred contains classes not in y_true
  warnings.warn("y_pred contains classes not in y_true")
C:\Users\12432\.conda\envs\decoder\lib\site-packages\sklearn\metrics\_classification.py:2801: UserWarning: y_pred contains classes not in y_true
  warnings.warn("y_pred contains classes not in y_true")
C:\Users\12432\.conda\envs\decoder\lib\site-packages\sklearn\metrics\_classification.py:2801: UserWarning: y_pred contains classes not in y_true
  warnings.warn("y_pred contains classes not in y_true")
C:\Users\12432\.conda\envs\decoder\lib\site-packages\sklearn\metrics\_classification.py:2801: UserWarning: y_pred contains classes not in y_true
  warnings.warn("y_pred contains classes not in y_true")
C:\Users\12432\.conda\envs\decoder\lib\site-packages\sklearn\metrics\_classification.py:2801: UserWarning: y_pred contains classes not in y_true
  warnings.warn("y_pred contains classes not in y_true")
  [russian/sub1] lda         acc=0.632 bacc=0.634 (1.7s)
== russian/sub10
C:\Users\12432\.conda\envs\decoder\lib\site-packages\sklearn\metrics\_classification.py:2801: UserWarning: y_pred contains classes not in y_true
  warnings.warn("y_pred contains classes not in y_true")
C:\Users\12432\.conda\envs\decoder\lib\site-packages\sklearn\metrics\_classification.py:2801: UserWarning: y_pred contains classes not in y_true
  warnings.warn("y_pred contains classes not in y_true")
C:\Users\12432\.conda\envs\decoder\lib\site-packages\sklearn\metrics\_classification.py:2801: UserWarning: y_pred contains classes not in y_true
  warnings.warn("y_pred contains classes not in y_true")
C:\Users\12432\.conda\envs\decoder\lib\site-packages\sklearn\metrics\_classification.py:2801: UserWarning: y_pred contains classes not in y_true
  warnings.warn("y_pred contains classes not in y_true")
C:\Users\12432\.conda\envs\decoder\lib\site-packages\sklearn\metrics\_classification.py:2801: UserWarning: y_pred contains classes not in y_true
  warnings.warn("y_pred contains classes not in y_true")
C:\Users\12432\.conda\envs\decoder\lib\site-packages\sklearn\metrics\_classification.py:2801: UserWarning: y_pred contains classes not in y_true
  warnings.warn("y_pred contains classes not in y_true")
  [russian/sub10] rf          acc=0.583 bacc=0.580 (3.3s)
C:\Users\12432\.conda\envs\decoder\lib\site-packages\sklearn\metrics\_classification.py:2801: UserWarning: y_pred contains classes not in y_true
  warnings.warn("y_pred contains classes not in y_true")
C:\Users\12432\.conda\envs\decoder\lib\site-packages\sklearn\metrics\_classification.py:2801: UserWarning: y_pred contains classes not in y_true
  warnings.warn("y_pred contains classes not in y_true")
C:\Users\12432\.conda\envs\decoder\lib\site-packages\sklearn\metrics\_classification.py:2801: UserWarning: y_pred contains classes not in y_true
  warnings.warn("y_pred contains classes not in y_true")
C:\Users\12432\.conda\envs\decoder\lib\site-packages\sklearn\metrics\_classification.py:2801: UserWarning: y_pred contains classes not in y_true
  warnings.warn("y_pred contains classes not in y_true")
C:\Users\12432\.conda\envs\decoder\lib\site-packages\sklearn\metrics\_classification.py:2801: UserWarning: y_pred contains classes not in y_true
  warnings.warn("y_pred contains classes not in y_true")
C:\Users\12432\.conda\envs\decoder\lib\site-packages\sklearn\metrics\_classification.py:2801: UserWarning: y_pred contains classes not in y_true
  warnings.warn("y_pred contains classes not in y_true")
C:\Users\12432\.conda\envs\decoder\lib\site-packages\sklearn\metrics\_classification.py:2801: UserWarning: y_pred contains classes not in y_true
  warnings.warn("y_pred contains classes not in y_true")
  [russian/sub10] svm_linear  acc=0.615 bacc=0.610 (0.3s)
C:\Users\12432\.conda\envs\decoder\lib\site-packages\sklearn\metrics\_classification.py:2801: UserWarning: y_pred contains classes not in y_true
  warnings.warn("y_pred contains classes not in y_true")
C:\Users\12432\.conda\envs\decoder\lib\site-packages\sklearn\metrics\_classification.py:2801: UserWarning: y_pred contains classes not in y_true
  warnings.warn("y_pred contains classes not in y_true")
C:\Users\12432\.conda\envs\decoder\lib\site-packages\sklearn\metrics\_classification.py:2801: UserWarning: y_pred contains classes not in y_true
  warnings.warn("y_pred contains classes not in y_true")
C:\Users\12432\.conda\envs\decoder\lib\site-packages\sklearn\metrics\_classification.py:2801: UserWarning: y_pred contains classes not in y_true
  warnings.warn("y_pred contains classes not in y_true")
C:\Users\12432\.conda\envs\decoder\lib\site-packages\sklearn\metrics\_classification.py:2801: UserWarning: y_pred contains classes not in y_true
  warnings.warn("y_pred contains classes not in y_true")
C:\Users\12432\.conda\envs\decoder\lib\site-packages\sklearn\metrics\_classification.py:2801: UserWarning: y_pred contains classes not in y_true
  warnings.warn("y_pred contains classes not in y_true")
  [russian/sub10] lda         acc=0.611 bacc=0.603 (1.2s)
== russian/sub11
C:\Users\12432\.conda\envs\decoder\lib\site-packages\sklearn\metrics\_classification.py:2801: UserWarning: y_pred contains classes not in y_true
  warnings.warn("y_pred contains classes not in y_true")
C:\Users\12432\.conda\envs\decoder\lib\site-packages\sklearn\metrics\_classification.py:2801: UserWarning: y_pred contains classes not in y_true
  warnings.warn("y_pred contains classes not in y_true")
C:\Users\12432\.conda\envs\decoder\lib\site-packages\sklearn\metrics\_classification.py:2801: UserWarning: y_pred contains classes not in y_true
  warnings.warn("y_pred contains classes not in y_true")
C:\Users\12432\.conda\envs\decoder\lib\site-packages\sklearn\metrics\_classification.py:2801: UserWarning: y_pred contains classes not in y_true
  warnings.warn("y_pred contains classes not in y_true")
C:\Users\12432\.conda\envs\decoder\lib\site-packages\sklearn\metrics\_classification.py:2801: UserWarning: y_pred contains classes not in y_true
  warnings.warn("y_pred contains classes not in y_true")
C:\Users\12432\.conda\envs\decoder\lib\site-packages\sklearn\metrics\_classification.py:2801: UserWarning: y_pred contains classes not in y_true
  warnings.warn("y_pred contains classes not in y_true")
C:\Users\12432\.conda\envs\decoder\lib\site-packages\sklearn\metrics\_classification.py:2801: UserWarning: y_pred contains classes not in y_true
  warnings.warn("y_pred contains classes not in y_true")
C:\Users\12432\.conda\envs\decoder\lib\site-packages\sklearn\metrics\_classification.py:2801: UserWarning: y_pred contains classes not in y_true
  warnings.warn("y_pred contains classes not in y_true")
C:\Users\12432\.conda\envs\decoder\lib\site-packages\sklearn\metrics\_classification.py:2801: UserWarning: y_pred contains classes not in y_true
  warnings.warn("y_pred contains classes not in y_true")
C:\Users\12432\.conda\envs\decoder\lib\site-packages\sklearn\metrics\_classification.py:2801: UserWarning: y_pred contains classes not in y_true
  warnings.warn("y_pred contains classes not in y_true")
  [russian/sub11] rf          acc=0.639 bacc=0.645 (6.6s)
C:\Users\12432\.conda\envs\decoder\lib\site-packages\sklearn\metrics\_classification.py:2801: UserWarning: y_pred contains classes not in y_true
  warnings.warn("y_pred contains classes not in y_true")
C:\Users\12432\.conda\envs\decoder\lib\site-packages\sklearn\metrics\_classification.py:2801: UserWarning: y_pred contains classes not in y_true
  warnings.warn("y_pred contains classes not in y_true")
C:\Users\12432\.conda\envs\decoder\lib\site-packages\sklearn\metrics\_classification.py:2801: UserWarning: y_pred contains classes not in y_true
  warnings.warn("y_pred contains classes not in y_true")
C:\Users\12432\.conda\envs\decoder\lib\site-packages\sklearn\metrics\_classification.py:2801: UserWarning: y_pred contains classes not in y_true
  warnings.warn("y_pred contains classes not in y_true")
C:\Users\12432\.conda\envs\decoder\lib\site-packages\sklearn\metrics\_classification.py:2801: UserWarning: y_pred contains classes not in y_true
  warnings.warn("y_pred contains classes not in y_true")
C:\Users\12432\.conda\envs\decoder\lib\site-packages\sklearn\metrics\_classification.py:2801: UserWarning: y_pred contains classes not in y_true
  warnings.warn("y_pred contains classes not in y_true")
C:\Users\12432\.conda\envs\decoder\lib\site-packages\sklearn\metrics\_classification.py:2801: UserWarning: y_pred contains classes not in y_true
  warnings.warn("y_pred contains classes not in y_true")
C:\Users\12432\.conda\envs\decoder\lib\site-packages\sklearn\metrics\_classification.py:2801: UserWarning: y_pred contains classes not in y_true
  warnings.warn("y_pred contains classes not in y_true")
C:\Users\12432\.conda\envs\decoder\lib\site-packages\sklearn\metrics\_classification.py:2801: UserWarning: y_pred contains classes not in y_true
  warnings.warn("y_pred contains classes not in y_true")
C:\Users\12432\.conda\envs\decoder\lib\site-packages\sklearn\metrics\_classification.py:2801: UserWarning: y_pred contains classes not in y_true
  warnings.warn("y_pred contains classes not in y_true")
  [russian/sub11] svm_linear  acc=0.704 bacc=0.720 (1.1s)
C:\Users\12432\.conda\envs\decoder\lib\site-packages\sklearn\metrics\_classification.py:2801: UserWarning: y_pred contains classes not in y_true
  warnings.warn("y_pred contains classes not in y_true")
C:\Users\12432\.conda\envs\decoder\lib\site-packages\sklearn\metrics\_classification.py:2801: UserWarning: y_pred contains classes not in y_true
  warnings.warn("y_pred contains classes not in y_true")
C:\Users\12432\.conda\envs\decoder\lib\site-packages\sklearn\metrics\_classification.py:2801: UserWarning: y_pred contains classes not in y_true
  warnings.warn("y_pred contains classes not in y_true")
C:\Users\12432\.conda\envs\decoder\lib\site-packages\sklearn\metrics\_classification.py:2801: UserWarning: y_pred contains classes not in y_true
  warnings.warn("y_pred contains classes not in y_true")
C:\Users\12432\.conda\envs\decoder\lib\site-packages\sklearn\metrics\_classification.py:2801: UserWarning: y_pred contains classes not in y_true
  warnings.warn("y_pred contains classes not in y_true")
C:\Users\12432\.conda\envs\decoder\lib\site-packages\sklearn\metrics\_classification.py:2801: UserWarning: y_pred contains classes not in y_true
  warnings.warn("y_pred contains classes not in y_true")
C:\Users\12432\.conda\envs\decoder\lib\site-packages\sklearn\metrics\_classification.py:2801: UserWarning: y_pred contains classes not in y_true
  warnings.warn("y_pred contains classes not in y_true")
C:\Users\12432\.conda\envs\decoder\lib\site-packages\sklearn\metrics\_classification.py:2801: UserWarning: y_pred contains classes not in y_true
  warnings.warn("y_pred contains classes not in y_true")
C:\Users\12432\.conda\envs\decoder\lib\site-packages\sklearn\metrics\_classification.py:2801: UserWarning: y_pred contains classes not in y_true
  warnings.warn("y_pred contains classes not in y_true")
C:\Users\12432\.conda\envs\decoder\lib\site-packages\sklearn\metrics\_classification.py:2801: UserWarning: y_pred contains classes not in y_true
  warnings.warn("y_pred contains classes not in y_true")
  [russian/sub11] lda         acc=0.704 bacc=0.715 (2.4s)
== russian/sub12
C:\Users\12432\.conda\envs\decoder\lib\site-packages\sklearn\metrics\_classification.py:2801: UserWarning: y_pred contains classes not in y_true
  warnings.warn("y_pred contains classes not in y_true")
C:\Users\12432\.conda\envs\decoder\lib\site-packages\sklearn\metrics\_classification.py:2801: UserWarning: y_pred contains classes not in y_true
  warnings.warn("y_pred contains classes not in y_true")
C:\Users\12432\.conda\envs\decoder\lib\site-packages\sklearn\metrics\_classification.py:2801: UserWarning: y_pred contains classes not in y_true
  warnings.warn("y_pred contains classes not in y_true")
C:\Users\12432\.conda\envs\decoder\lib\site-packages\sklearn\metrics\_classification.py:2801: UserWarning: y_pred contains classes not in y_true
  warnings.warn("y_pred contains classes not in y_true")
C:\Users\12432\.conda\envs\decoder\lib\site-packages\sklearn\metrics\_classification.py:2801: UserWarning: y_pred contains classes not in y_true
  warnings.warn("y_pred contains classes not in y_true")
C:\Users\12432\.conda\envs\decoder\lib\site-packages\sklearn\metrics\_classification.py:2801: UserWarning: y_pred contains classes not in y_true
  warnings.warn("y_pred contains classes not in y_true")
C:\Users\12432\.conda\envs\decoder\lib\site-packages\sklearn\metrics\_classification.py:2801: UserWarning: y_pred contains classes not in y_true
  warnings.warn("y_pred contains classes not in y_true")
  [russian/sub12] rf          acc=0.469 bacc=0.463 (5.0s)
C:\Users\12432\.conda\envs\decoder\lib\site-packages\sklearn\metrics\_classification.py:2801: UserWarning: y_pred contains classes not in y_true
  warnings.warn("y_pred contains classes not in y_true")
C:\Users\12432\.conda\envs\decoder\lib\site-packages\sklearn\metrics\_classification.py:2801: UserWarning: y_pred contains classes not in y_true
  warnings.warn("y_pred contains classes not in y_true")
C:\Users\12432\.conda\envs\decoder\lib\site-packages\sklearn\metrics\_classification.py:2801: UserWarning: y_pred contains classes not in y_true
  warnings.warn("y_pred contains classes not in y_true")
C:\Users\12432\.conda\envs\decoder\lib\site-packages\sklearn\metrics\_classification.py:2801: UserWarning: y_pred contains classes not in y_true
  warnings.warn("y_pred contains classes not in y_true")
C:\Users\12432\.conda\envs\decoder\lib\site-packages\sklearn\metrics\_classification.py:2801: UserWarning: y_pred contains classes not in y_true
  warnings.warn("y_pred contains classes not in y_true")
C:\Users\12432\.conda\envs\decoder\lib\site-packages\sklearn\metrics\_classification.py:2801: UserWarning: y_pred contains classes not in y_true
  warnings.warn("y_pred contains classes not in y_true")
C:\Users\12432\.conda\envs\decoder\lib\site-packages\sklearn\metrics\_classification.py:2801: UserWarning: y_pred contains classes not in y_true
  warnings.warn("y_pred contains classes not in y_true")
C:\Users\12432\.conda\envs\decoder\lib\site-packages\sklearn\metrics\_classification.py:2801: UserWarning: y_pred contains classes not in y_true
  warnings.warn("y_pred contains classes not in y_true")
  [russian/sub12] svm_linear  acc=0.485 bacc=0.477 (0.4s)
C:\Users\12432\.conda\envs\decoder\lib\site-packages\sklearn\metrics\_classification.py:2801: UserWarning: y_pred contains classes not in y_true
  warnings.warn("y_pred contains classes not in y_true")
C:\Users\12432\.conda\envs\decoder\lib\site-packages\sklearn\metrics\_classification.py:2801: UserWarning: y_pred contains classes not in y_true
  warnings.warn("y_pred contains classes not in y_true")
C:\Users\12432\.conda\envs\decoder\lib\site-packages\sklearn\metrics\_classification.py:2801: UserWarning: y_pred contains classes not in y_true
  warnings.warn("y_pred contains classes not in y_true")
C:\Users\12432\.conda\envs\decoder\lib\site-packages\sklearn\metrics\_classification.py:2801: UserWarning: y_pred contains classes not in y_true
  warnings.warn("y_pred contains classes not in y_true")
C:\Users\12432\.conda\envs\decoder\lib\site-packages\sklearn\metrics\_classification.py:2801: UserWarning: y_pred contains classes not in y_true
  warnings.warn("y_pred contains classes not in y_true")
C:\Users\12432\.conda\envs\decoder\lib\site-packages\sklearn\metrics\_classification.py:2801: UserWarning: y_pred contains classes not in y_true
  warnings.warn("y_pred contains classes not in y_true")
  [russian/sub12] lda         acc=0.468 bacc=0.460 (1.6s)
== russian/sub2
C:\Users\12432\.conda\envs\decoder\lib\site-packages\sklearn\metrics\_classification.py:2801: UserWarning: y_pred contains classes not in y_true
  warnings.warn("y_pred contains classes not in y_true")
C:\Users\12432\.conda\envs\decoder\lib\site-packages\sklearn\metrics\_classification.py:2801: UserWarning: y_pred contains classes not in y_true
  warnings.warn("y_pred contains classes not in y_true")
C:\Users\12432\.conda\envs\decoder\lib\site-packages\sklearn\metrics\_classification.py:2801: UserWarning: y_pred contains classes not in y_true
  warnings.warn("y_pred contains classes not in y_true")
  [russian/sub2] rf          acc=0.762 bacc=0.770 (3.7s)
C:\Users\12432\.conda\envs\decoder\lib\site-packages\sklearn\metrics\_classification.py:2801: UserWarning: y_pred contains classes not in y_true
  warnings.warn("y_pred contains classes not in y_true")
C:\Users\12432\.conda\envs\decoder\lib\site-packages\sklearn\metrics\_classification.py:2801: UserWarning: y_pred contains classes not in y_true
  warnings.warn("y_pred contains classes not in y_true")
C:\Users\12432\.conda\envs\decoder\lib\site-packages\sklearn\metrics\_classification.py:2801: UserWarning: y_pred contains classes not in y_true
  warnings.warn("y_pred contains classes not in y_true")
C:\Users\12432\.conda\envs\decoder\lib\site-packages\sklearn\metrics\_classification.py:2801: UserWarning: y_pred contains classes not in y_true
  warnings.warn("y_pred contains classes not in y_true")
C:\Users\12432\.conda\envs\decoder\lib\site-packages\sklearn\metrics\_classification.py:2801: UserWarning: y_pred contains classes not in y_true
  warnings.warn("y_pred contains classes not in y_true")
  [russian/sub2] svm_linear  acc=0.770 bacc=0.777 (0.6s)
C:\Users\12432\.conda\envs\decoder\lib\site-packages\sklearn\metrics\_classification.py:2801: UserWarning: y_pred contains classes not in y_true
  warnings.warn("y_pred contains classes not in y_true")
C:\Users\12432\.conda\envs\decoder\lib\site-packages\sklearn\metrics\_classification.py:2801: UserWarning: y_pred contains classes not in y_true
  warnings.warn("y_pred contains classes not in y_true")
C:\Users\12432\.conda\envs\decoder\lib\site-packages\sklearn\metrics\_classification.py:2801: UserWarning: y_pred contains classes not in y_true
  warnings.warn("y_pred contains classes not in y_true")
  [russian/sub2] lda         acc=0.815 bacc=0.817 (1.1s)
== russian/sub3
C:\Users\12432\.conda\envs\decoder\lib\site-packages\sklearn\metrics\_classification.py:2801: UserWarning: y_pred contains classes not in y_true
  warnings.warn("y_pred contains classes not in y_true")
C:\Users\12432\.conda\envs\decoder\lib\site-packages\sklearn\metrics\_classification.py:2801: UserWarning: y_pred contains classes not in y_true
  warnings.warn("y_pred contains classes not in y_true")
C:\Users\12432\.conda\envs\decoder\lib\site-packages\sklearn\metrics\_classification.py:2801: UserWarning: y_pred contains classes not in y_true
  warnings.warn("y_pred contains classes not in y_true")
C:\Users\12432\.conda\envs\decoder\lib\site-packages\sklearn\metrics\_classification.py:2801: UserWarning: y_pred contains classes not in y_true
  warnings.warn("y_pred contains classes not in y_true")
C:\Users\12432\.conda\envs\decoder\lib\site-packages\sklearn\metrics\_classification.py:2801: UserWarning: y_pred contains classes not in y_true
  warnings.warn("y_pred contains classes not in y_true")
C:\Users\12432\.conda\envs\decoder\lib\site-packages\sklearn\metrics\_classification.py:2801: UserWarning: y_pred contains classes not in y_true
  warnings.warn("y_pred contains classes not in y_true")
  [russian/sub3] rf          acc=0.536 bacc=0.537 (4.6s)
C:\Users\12432\.conda\envs\decoder\lib\site-packages\sklearn\metrics\_classification.py:2801: UserWarning: y_pred contains classes not in y_true
  warnings.warn("y_pred contains classes not in y_true")
C:\Users\12432\.conda\envs\decoder\lib\site-packages\sklearn\metrics\_classification.py:2801: UserWarning: y_pred contains classes not in y_true
  warnings.warn("y_pred contains classes not in y_true")
C:\Users\12432\.conda\envs\decoder\lib\site-packages\sklearn\metrics\_classification.py:2801: UserWarning: y_pred contains classes not in y_true
  warnings.warn("y_pred contains classes not in y_true")
C:\Users\12432\.conda\envs\decoder\lib\site-packages\sklearn\metrics\_classification.py:2801: UserWarning: y_pred contains classes not in y_true
  warnings.warn("y_pred contains classes not in y_true")
C:\Users\12432\.conda\envs\decoder\lib\site-packages\sklearn\metrics\_classification.py:2801: UserWarning: y_pred contains classes not in y_true
  warnings.warn("y_pred contains classes not in y_true")
C:\Users\12432\.conda\envs\decoder\lib\site-packages\sklearn\metrics\_classification.py:2801: UserWarning: y_pred contains classes not in y_true
  warnings.warn("y_pred contains classes not in y_true")
C:\Users\12432\.conda\envs\decoder\lib\site-packages\sklearn\metrics\_classification.py:2801: UserWarning: y_pred contains classes not in y_true
  warnings.warn("y_pred contains classes not in y_true")
  [russian/sub3] svm_linear  acc=0.668 bacc=0.672 (0.5s)
C:\Users\12432\.conda\envs\decoder\lib\site-packages\sklearn\metrics\_classification.py:2801: UserWarning: y_pred contains classes not in y_true
  warnings.warn("y_pred contains classes not in y_true")
C:\Users\12432\.conda\envs\decoder\lib\site-packages\sklearn\metrics\_classification.py:2801: UserWarning: y_pred contains classes not in y_true
  warnings.warn("y_pred contains classes not in y_true")
C:\Users\12432\.conda\envs\decoder\lib\site-packages\sklearn\metrics\_classification.py:2801: UserWarning: y_pred contains classes not in y_true
  warnings.warn("y_pred contains classes not in y_true")
C:\Users\12432\.conda\envs\decoder\lib\site-packages\sklearn\metrics\_classification.py:2801: UserWarning: y_pred contains classes not in y_true
  warnings.warn("y_pred contains classes not in y_true")
C:\Users\12432\.conda\envs\decoder\lib\site-packages\sklearn\metrics\_classification.py:2801: UserWarning: y_pred contains classes not in y_true
  warnings.warn("y_pred contains classes not in y_true")
C:\Users\12432\.conda\envs\decoder\lib\site-packages\sklearn\metrics\_classification.py:2801: UserWarning: y_pred contains classes not in y_true
  warnings.warn("y_pred contains classes not in y_true")
C:\Users\12432\.conda\envs\decoder\lib\site-packages\sklearn\metrics\_classification.py:2801: UserWarning: y_pred contains classes not in y_true
  warnings.warn("y_pred contains classes not in y_true")
  [russian/sub3] lda         acc=0.641 bacc=0.647 (1.6s)
== russian/sub4
C:\Users\12432\.conda\envs\decoder\lib\site-packages\sklearn\metrics\_classification.py:2801: UserWarning: y_pred contains classes not in y_true
  warnings.warn("y_pred contains classes not in y_true")
C:\Users\12432\.conda\envs\decoder\lib\site-packages\sklearn\metrics\_classification.py:2801: UserWarning: y_pred contains classes not in y_true
  warnings.warn("y_pred contains classes not in y_true")
C:\Users\12432\.conda\envs\decoder\lib\site-packages\sklearn\metrics\_classification.py:2801: UserWarning: y_pred contains classes not in y_true
  warnings.warn("y_pred contains classes not in y_true")
C:\Users\12432\.conda\envs\decoder\lib\site-packages\sklearn\metrics\_classification.py:2801: UserWarning: y_pred contains classes not in y_true
  warnings.warn("y_pred contains classes not in y_true")
C:\Users\12432\.conda\envs\decoder\lib\site-packages\sklearn\metrics\_classification.py:534: UserWarning: A single label was found in 'y_true' and 'y_pred'. For the confusion matrix to have the correct shape, use the 'labels' parameter to pass all known labels.
  warnings.warn(
  [russian/sub4] rf          acc=0.665 bacc=0.671 (3.6s)
C:\Users\12432\.conda\envs\decoder\lib\site-packages\sklearn\metrics\_classification.py:2801: UserWarning: y_pred contains classes not in y_true
  warnings.warn("y_pred contains classes not in y_true")
C:\Users\12432\.conda\envs\decoder\lib\site-packages\sklearn\metrics\_classification.py:2801: UserWarning: y_pred contains classes not in y_true
  warnings.warn("y_pred contains classes not in y_true")
C:\Users\12432\.conda\envs\decoder\lib\site-packages\sklearn\metrics\_classification.py:2801: UserWarning: y_pred contains classes not in y_true
  warnings.warn("y_pred contains classes not in y_true")
C:\Users\12432\.conda\envs\decoder\lib\site-packages\sklearn\metrics\_classification.py:2801: UserWarning: y_pred contains classes not in y_true
  warnings.warn("y_pred contains classes not in y_true")
C:\Users\12432\.conda\envs\decoder\lib\site-packages\sklearn\metrics\_classification.py:534: UserWarning: A single label was found in 'y_true' and 'y_pred'. For the confusion matrix to have the correct shape, use the 'labels' parameter to pass all known labels.
  warnings.warn(
  [russian/sub4] svm_linear  acc=0.754 bacc=0.753 (0.7s)
C:\Users\12432\.conda\envs\decoder\lib\site-packages\sklearn\metrics\_classification.py:2801: UserWarning: y_pred contains classes not in y_true
  warnings.warn("y_pred contains classes not in y_true")
C:\Users\12432\.conda\envs\decoder\lib\site-packages\sklearn\metrics\_classification.py:2801: UserWarning: y_pred contains classes not in y_true
  warnings.warn("y_pred contains classes not in y_true")
C:\Users\12432\.conda\envs\decoder\lib\site-packages\sklearn\metrics\_classification.py:2801: UserWarning: y_pred contains classes not in y_true
  warnings.warn("y_pred contains classes not in y_true")
C:\Users\12432\.conda\envs\decoder\lib\site-packages\sklearn\metrics\_classification.py:2801: UserWarning: y_pred contains classes not in y_true
  warnings.warn("y_pred contains classes not in y_true")
C:\Users\12432\.conda\envs\decoder\lib\site-packages\sklearn\metrics\_classification.py:2801: UserWarning: y_pred contains classes not in y_true
  warnings.warn("y_pred contains classes not in y_true")
  [russian/sub4] lda         acc=0.791 bacc=0.773 (1.1s)
== russian/sub5
C:\Users\12432\.conda\envs\decoder\lib\site-packages\sklearn\metrics\_classification.py:2801: UserWarning: y_pred contains classes not in y_true
  warnings.warn("y_pred contains classes not in y_true")
C:\Users\12432\.conda\envs\decoder\lib\site-packages\sklearn\metrics\_classification.py:2801: UserWarning: y_pred contains classes not in y_true
  warnings.warn("y_pred contains classes not in y_true")
C:\Users\12432\.conda\envs\decoder\lib\site-packages\sklearn\metrics\_classification.py:2801: UserWarning: y_pred contains classes not in y_true
  warnings.warn("y_pred contains classes not in y_true")
C:\Users\12432\.conda\envs\decoder\lib\site-packages\sklearn\metrics\_classification.py:2801: UserWarning: y_pred contains classes not in y_true
  warnings.warn("y_pred contains classes not in y_true")
C:\Users\12432\.conda\envs\decoder\lib\site-packages\sklearn\metrics\_classification.py:2801: UserWarning: y_pred contains classes not in y_true
  warnings.warn("y_pred contains classes not in y_true")
C:\Users\12432\.conda\envs\decoder\lib\site-packages\sklearn\metrics\_classification.py:2801: UserWarning: y_pred contains classes not in y_true
  warnings.warn("y_pred contains classes not in y_true")
C:\Users\12432\.conda\envs\decoder\lib\site-packages\sklearn\metrics\_classification.py:2801: UserWarning: y_pred contains classes not in y_true
  warnings.warn("y_pred contains classes not in y_true")
C:\Users\12432\.conda\envs\decoder\lib\site-packages\sklearn\metrics\_classification.py:2801: UserWarning: y_pred contains classes not in y_true
  warnings.warn("y_pred contains classes not in y_true")
C:\Users\12432\.conda\envs\decoder\lib\site-packages\sklearn\metrics\_classification.py:2801: UserWarning: y_pred contains classes not in y_true
  warnings.warn("y_pred contains classes not in y_true")
  [russian/sub5] rf          acc=0.635 bacc=0.632 (5.0s)
C:\Users\12432\.conda\envs\decoder\lib\site-packages\sklearn\metrics\_classification.py:2801: UserWarning: y_pred contains classes not in y_true
  warnings.warn("y_pred contains classes not in y_true")
C:\Users\12432\.conda\envs\decoder\lib\site-packages\sklearn\metrics\_classification.py:2801: UserWarning: y_pred contains classes not in y_true
  warnings.warn("y_pred contains classes not in y_true")
C:\Users\12432\.conda\envs\decoder\lib\site-packages\sklearn\metrics\_classification.py:2801: UserWarning: y_pred contains classes not in y_true
  warnings.warn("y_pred contains classes not in y_true")
C:\Users\12432\.conda\envs\decoder\lib\site-packages\sklearn\metrics\_classification.py:2801: UserWarning: y_pred contains classes not in y_true
  warnings.warn("y_pred contains classes not in y_true")
C:\Users\12432\.conda\envs\decoder\lib\site-packages\sklearn\metrics\_classification.py:2801: UserWarning: y_pred contains classes not in y_true
  warnings.warn("y_pred contains classes not in y_true")
C:\Users\12432\.conda\envs\decoder\lib\site-packages\sklearn\metrics\_classification.py:2801: UserWarning: y_pred contains classes not in y_true
  warnings.warn("y_pred contains classes not in y_true")
C:\Users\12432\.conda\envs\decoder\lib\site-packages\sklearn\metrics\_classification.py:2801: UserWarning: y_pred contains classes not in y_true
  warnings.warn("y_pred contains classes not in y_true")
C:\Users\12432\.conda\envs\decoder\lib\site-packages\sklearn\metrics\_classification.py:2801: UserWarning: y_pred contains classes not in y_true
  warnings.warn("y_pred contains classes not in y_true")
C:\Users\12432\.conda\envs\decoder\lib\site-packages\sklearn\metrics\_classification.py:2801: UserWarning: y_pred contains classes not in y_true
  warnings.warn("y_pred contains classes not in y_true")
  [russian/sub5] svm_linear  acc=0.638 bacc=0.637 (0.5s)
C:\Users\12432\.conda\envs\decoder\lib\site-packages\sklearn\metrics\_classification.py:2801: UserWarning: y_pred contains classes not in y_true
  warnings.warn("y_pred contains classes not in y_true")
C:\Users\12432\.conda\envs\decoder\lib\site-packages\sklearn\metrics\_classification.py:2801: UserWarning: y_pred contains classes not in y_true
  warnings.warn("y_pred contains classes not in y_true")
C:\Users\12432\.conda\envs\decoder\lib\site-packages\sklearn\metrics\_classification.py:2801: UserWarning: y_pred contains classes not in y_true
  warnings.warn("y_pred contains classes not in y_true")
C:\Users\12432\.conda\envs\decoder\lib\site-packages\sklearn\metrics\_classification.py:2801: UserWarning: y_pred contains classes not in y_true
  warnings.warn("y_pred contains classes not in y_true")
C:\Users\12432\.conda\envs\decoder\lib\site-packages\sklearn\metrics\_classification.py:2801: UserWarning: y_pred contains classes not in y_true
  warnings.warn("y_pred contains classes not in y_true")
C:\Users\12432\.conda\envs\decoder\lib\site-packages\sklearn\metrics\_classification.py:2801: UserWarning: y_pred contains classes not in y_true
  warnings.warn("y_pred contains classes not in y_true")
C:\Users\12432\.conda\envs\decoder\lib\site-packages\sklearn\metrics\_classification.py:2801: UserWarning: y_pred contains classes not in y_true
  warnings.warn("y_pred contains classes not in y_true")
C:\Users\12432\.conda\envs\decoder\lib\site-packages\sklearn\metrics\_classification.py:2801: UserWarning: y_pred contains classes not in y_true
  warnings.warn("y_pred contains classes not in y_true")
C:\Users\12432\.conda\envs\decoder\lib\site-packages\sklearn\metrics\_classification.py:2801: UserWarning: y_pred contains classes not in y_true
  warnings.warn("y_pred contains classes not in y_true")
  [russian/sub5] lda         acc=0.669 bacc=0.669 (2.0s)
== russian/sub6
C:\Users\12432\.conda\envs\decoder\lib\site-packages\sklearn\metrics\_classification.py:2801: UserWarning: y_pred contains classes not in y_true
  warnings.warn("y_pred contains classes not in y_true")
C:\Users\12432\.conda\envs\decoder\lib\site-packages\sklearn\metrics\_classification.py:2801: UserWarning: y_pred contains classes not in y_true
  warnings.warn("y_pred contains classes not in y_true")
C:\Users\12432\.conda\envs\decoder\lib\site-packages\sklearn\metrics\_classification.py:2801: UserWarning: y_pred contains classes not in y_true
  warnings.warn("y_pred contains classes not in y_true")
C:\Users\12432\.conda\envs\decoder\lib\site-packages\sklearn\metrics\_classification.py:2801: UserWarning: y_pred contains classes not in y_true
  warnings.warn("y_pred contains classes not in y_true")
C:\Users\12432\.conda\envs\decoder\lib\site-packages\sklearn\metrics\_classification.py:2801: UserWarning: y_pred contains classes not in y_true
  warnings.warn("y_pred contains classes not in y_true")
C:\Users\12432\.conda\envs\decoder\lib\site-packages\sklearn\metrics\_classification.py:534: UserWarning: A single label was found in 'y_true' and 'y_pred'. For the confusion matrix to have the correct shape, use the 'labels' parameter to pass all known labels.
  warnings.warn(
  [russian/sub6] rf          acc=0.879 bacc=0.877 (6.6s)
C:\Users\12432\.conda\envs\decoder\lib\site-packages\sklearn\metrics\_classification.py:2801: UserWarning: y_pred contains classes not in y_true
  warnings.warn("y_pred contains classes not in y_true")
C:\Users\12432\.conda\envs\decoder\lib\site-packages\sklearn\metrics\_classification.py:2801: UserWarning: y_pred contains classes not in y_true
  warnings.warn("y_pred contains classes not in y_true")
C:\Users\12432\.conda\envs\decoder\lib\site-packages\sklearn\metrics\_classification.py:2801: UserWarning: y_pred contains classes not in y_true
  warnings.warn("y_pred contains classes not in y_true")
C:\Users\12432\.conda\envs\decoder\lib\site-packages\sklearn\metrics\_classification.py:2801: UserWarning: y_pred contains classes not in y_true
  warnings.warn("y_pred contains classes not in y_true")
C:\Users\12432\.conda\envs\decoder\lib\site-packages\sklearn\metrics\_classification.py:2801: UserWarning: y_pred contains classes not in y_true
  warnings.warn("y_pred contains classes not in y_true")
C:\Users\12432\.conda\envs\decoder\lib\site-packages\sklearn\metrics\_classification.py:2801: UserWarning: y_pred contains classes not in y_true
  warnings.warn("y_pred contains classes not in y_true")
  [russian/sub6] svm_linear  acc=0.833 bacc=0.832 (0.2s)
C:\Users\12432\.conda\envs\decoder\lib\site-packages\sklearn\metrics\_classification.py:2801: UserWarning: y_pred contains classes not in y_true
  warnings.warn("y_pred contains classes not in y_true")
C:\Users\12432\.conda\envs\decoder\lib\site-packages\sklearn\metrics\_classification.py:2801: UserWarning: y_pred contains classes not in y_true
  warnings.warn("y_pred contains classes not in y_true")
C:\Users\12432\.conda\envs\decoder\lib\site-packages\sklearn\metrics\_classification.py:2801: UserWarning: y_pred contains classes not in y_true
  warnings.warn("y_pred contains classes not in y_true")
C:\Users\12432\.conda\envs\decoder\lib\site-packages\sklearn\metrics\_classification.py:2801: UserWarning: y_pred contains classes not in y_true
  warnings.warn("y_pred contains classes not in y_true")
C:\Users\12432\.conda\envs\decoder\lib\site-packages\sklearn\metrics\_classification.py:2801: UserWarning: y_pred contains classes not in y_true
  warnings.warn("y_pred contains classes not in y_true")
C:\Users\12432\.conda\envs\decoder\lib\site-packages\sklearn\metrics\_classification.py:2801: UserWarning: y_pred contains classes not in y_true
  warnings.warn("y_pred contains classes not in y_true")
  [russian/sub6] lda         acc=0.835 bacc=0.835 (1.2s)
== russian/sub7
C:\Users\12432\.conda\envs\decoder\lib\site-packages\sklearn\metrics\_classification.py:2801: UserWarning: y_pred contains classes not in y_true
  warnings.warn("y_pred contains classes not in y_true")
C:\Users\12432\.conda\envs\decoder\lib\site-packages\sklearn\metrics\_classification.py:2801: UserWarning: y_pred contains classes not in y_true
  warnings.warn("y_pred contains classes not in y_true")
C:\Users\12432\.conda\envs\decoder\lib\site-packages\sklearn\metrics\_classification.py:534: UserWarning: A single label was found in 'y_true' and 'y_pred'. For the confusion matrix to have the correct shape, use the 'labels' parameter to pass all known labels.
  warnings.warn(
C:\Users\12432\.conda\envs\decoder\lib\site-packages\sklearn\metrics\_classification.py:2801: UserWarning: y_pred contains classes not in y_true
  warnings.warn("y_pred contains classes not in y_true")
C:\Users\12432\.conda\envs\decoder\lib\site-packages\sklearn\metrics\_classification.py:2801: UserWarning: y_pred contains classes not in y_true
  warnings.warn("y_pred contains classes not in y_true")
C:\Users\12432\.conda\envs\decoder\lib\site-packages\sklearn\metrics\_classification.py:2801: UserWarning: y_pred contains classes not in y_true
  warnings.warn("y_pred contains classes not in y_true")
C:\Users\12432\.conda\envs\decoder\lib\site-packages\sklearn\metrics\_classification.py:2801: UserWarning: y_pred contains classes not in y_true
  warnings.warn("y_pred contains classes not in y_true")
C:\Users\12432\.conda\envs\decoder\lib\site-packages\sklearn\metrics\_classification.py:2801: UserWarning: y_pred contains classes not in y_true
  warnings.warn("y_pred contains classes not in y_true")
C:\Users\12432\.conda\envs\decoder\lib\site-packages\sklearn\metrics\_classification.py:2801: UserWarning: y_pred contains classes not in y_true
  warnings.warn("y_pred contains classes not in y_true")
  [russian/sub7] rf          acc=0.759 bacc=0.754 (7.7s)
C:\Users\12432\.conda\envs\decoder\lib\site-packages\sklearn\metrics\_classification.py:2801: UserWarning: y_pred contains classes not in y_true
  warnings.warn("y_pred contains classes not in y_true")
C:\Users\12432\.conda\envs\decoder\lib\site-packages\sklearn\metrics\_classification.py:2801: UserWarning: y_pred contains classes not in y_true
  warnings.warn("y_pred contains classes not in y_true")
C:\Users\12432\.conda\envs\decoder\lib\site-packages\sklearn\metrics\_classification.py:2801: UserWarning: y_pred contains classes not in y_true
  warnings.warn("y_pred contains classes not in y_true")
C:\Users\12432\.conda\envs\decoder\lib\site-packages\sklearn\metrics\_classification.py:2801: UserWarning: y_pred contains classes not in y_true
  warnings.warn("y_pred contains classes not in y_true")
C:\Users\12432\.conda\envs\decoder\lib\site-packages\sklearn\metrics\_classification.py:2801: UserWarning: y_pred contains classes not in y_true
  warnings.warn("y_pred contains classes not in y_true")
C:\Users\12432\.conda\envs\decoder\lib\site-packages\sklearn\metrics\_classification.py:2801: UserWarning: y_pred contains classes not in y_true
  warnings.warn("y_pred contains classes not in y_true")
C:\Users\12432\.conda\envs\decoder\lib\site-packages\sklearn\metrics\_classification.py:2801: UserWarning: y_pred contains classes not in y_true
  warnings.warn("y_pred contains classes not in y_true")
C:\Users\12432\.conda\envs\decoder\lib\site-packages\sklearn\metrics\_classification.py:2801: UserWarning: y_pred contains classes not in y_true
  warnings.warn("y_pred contains classes not in y_true")
C:\Users\12432\.conda\envs\decoder\lib\site-packages\sklearn\metrics\_classification.py:2801: UserWarning: y_pred contains classes not in y_true
  warnings.warn("y_pred contains classes not in y_true")
  [russian/sub7] svm_linear  acc=0.785 bacc=0.767 (1.8s)
C:\Users\12432\.conda\envs\decoder\lib\site-packages\sklearn\metrics\_classification.py:2801: UserWarning: y_pred contains classes not in y_true
  warnings.warn("y_pred contains classes not in y_true")
C:\Users\12432\.conda\envs\decoder\lib\site-packages\sklearn\metrics\_classification.py:2801: UserWarning: y_pred contains classes not in y_true
  warnings.warn("y_pred contains classes not in y_true")
C:\Users\12432\.conda\envs\decoder\lib\site-packages\sklearn\metrics\_classification.py:2801: UserWarning: y_pred contains classes not in y_true
  warnings.warn("y_pred contains classes not in y_true")
C:\Users\12432\.conda\envs\decoder\lib\site-packages\sklearn\metrics\_classification.py:2801: UserWarning: y_pred contains classes not in y_true
  warnings.warn("y_pred contains classes not in y_true")
C:\Users\12432\.conda\envs\decoder\lib\site-packages\sklearn\metrics\_classification.py:2801: UserWarning: y_pred contains classes not in y_true
  warnings.warn("y_pred contains classes not in y_true")
C:\Users\12432\.conda\envs\decoder\lib\site-packages\sklearn\metrics\_classification.py:2801: UserWarning: y_pred contains classes not in y_true
  warnings.warn("y_pred contains classes not in y_true")
C:\Users\12432\.conda\envs\decoder\lib\site-packages\sklearn\metrics\_classification.py:2801: UserWarning: y_pred contains classes not in y_true
  warnings.warn("y_pred contains classes not in y_true")
C:\Users\12432\.conda\envs\decoder\lib\site-packages\sklearn\metrics\_classification.py:2801: UserWarning: y_pred contains classes not in y_true
  warnings.warn("y_pred contains classes not in y_true")
C:\Users\12432\.conda\envs\decoder\lib\site-packages\sklearn\metrics\_classification.py:2801: UserWarning: y_pred contains classes not in y_true
  warnings.warn("y_pred contains classes not in y_true")
  [russian/sub7] lda         acc=0.844 bacc=0.814 (2.4s)
== russian/sub8
C:\Users\12432\.conda\envs\decoder\lib\site-packages\sklearn\metrics\_classification.py:2801: UserWarning: y_pred contains classes not in y_true
  warnings.warn("y_pred contains classes not in y_true")
C:\Users\12432\.conda\envs\decoder\lib\site-packages\sklearn\metrics\_classification.py:2801: UserWarning: y_pred contains classes not in y_true
  warnings.warn("y_pred contains classes not in y_true")
C:\Users\12432\.conda\envs\decoder\lib\site-packages\sklearn\metrics\_classification.py:2801: UserWarning: y_pred contains classes not in y_true
  warnings.warn("y_pred contains classes not in y_true")
C:\Users\12432\.conda\envs\decoder\lib\site-packages\sklearn\metrics\_classification.py:2801: UserWarning: y_pred contains classes not in y_true
  warnings.warn("y_pred contains classes not in y_true")
C:\Users\12432\.conda\envs\decoder\lib\site-packages\sklearn\metrics\_classification.py:2801: UserWarning: y_pred contains classes not in y_true
  warnings.warn("y_pred contains classes not in y_true")
C:\Users\12432\.conda\envs\decoder\lib\site-packages\sklearn\metrics\_classification.py:2801: UserWarning: y_pred contains classes not in y_true
  warnings.warn("y_pred contains classes not in y_true")
C:\Users\12432\.conda\envs\decoder\lib\site-packages\sklearn\metrics\_classification.py:2801: UserWarning: y_pred contains classes not in y_true
  warnings.warn("y_pred contains classes not in y_true")
  [russian/sub8] rf          acc=0.759 bacc=0.741 (5.6s)
C:\Users\12432\.conda\envs\decoder\lib\site-packages\sklearn\metrics\_classification.py:2801: UserWarning: y_pred contains classes not in y_true
  warnings.warn("y_pred contains classes not in y_true")
C:\Users\12432\.conda\envs\decoder\lib\site-packages\sklearn\metrics\_classification.py:2801: UserWarning: y_pred contains classes not in y_true
  warnings.warn("y_pred contains classes not in y_true")
C:\Users\12432\.conda\envs\decoder\lib\site-packages\sklearn\metrics\_classification.py:2801: UserWarning: y_pred contains classes not in y_true
  warnings.warn("y_pred contains classes not in y_true")
C:\Users\12432\.conda\envs\decoder\lib\site-packages\sklearn\metrics\_classification.py:2801: UserWarning: y_pred contains classes not in y_true
  warnings.warn("y_pred contains classes not in y_true")
C:\Users\12432\.conda\envs\decoder\lib\site-packages\sklearn\metrics\_classification.py:2801: UserWarning: y_pred contains classes not in y_true
  warnings.warn("y_pred contains classes not in y_true")
C:\Users\12432\.conda\envs\decoder\lib\site-packages\sklearn\metrics\_classification.py:2801: UserWarning: y_pred contains classes not in y_true
  warnings.warn("y_pred contains classes not in y_true")
C:\Users\12432\.conda\envs\decoder\lib\site-packages\sklearn\metrics\_classification.py:2801: UserWarning: y_pred contains classes not in y_true
  warnings.warn("y_pred contains classes not in y_true")
  [russian/sub8] svm_linear  acc=0.807 bacc=0.806 (0.7s)
C:\Users\12432\.conda\envs\decoder\lib\site-packages\sklearn\metrics\_classification.py:2801: UserWarning: y_pred contains classes not in y_true
  warnings.warn("y_pred contains classes not in y_true")
C:\Users\12432\.conda\envs\decoder\lib\site-packages\sklearn\metrics\_classification.py:2801: UserWarning: y_pred contains classes not in y_true
  warnings.warn("y_pred contains classes not in y_true")
C:\Users\12432\.conda\envs\decoder\lib\site-packages\sklearn\metrics\_classification.py:2801: UserWarning: y_pred contains classes not in y_true
  warnings.warn("y_pred contains classes not in y_true")
C:\Users\12432\.conda\envs\decoder\lib\site-packages\sklearn\metrics\_classification.py:2801: UserWarning: y_pred contains classes not in y_true
  warnings.warn("y_pred contains classes not in y_true")
C:\Users\12432\.conda\envs\decoder\lib\site-packages\sklearn\metrics\_classification.py:2801: UserWarning: y_pred contains classes not in y_true
  warnings.warn("y_pred contains classes not in y_true")
C:\Users\12432\.conda\envs\decoder\lib\site-packages\sklearn\metrics\_classification.py:2801: UserWarning: y_pred contains classes not in y_true
  warnings.warn("y_pred contains classes not in y_true")
C:\Users\12432\.conda\envs\decoder\lib\site-packages\sklearn\metrics\_classification.py:2801: UserWarning: y_pred contains classes not in y_true
  warnings.warn("y_pred contains classes not in y_true")
  [russian/sub8] lda         acc=0.794 bacc=0.797 (1.6s)
== russian/sub9
C:\Users\12432\.conda\envs\decoder\lib\site-packages\sklearn\metrics\_classification.py:2801: UserWarning: y_pred contains classes not in y_true
  warnings.warn("y_pred contains classes not in y_true")
C:\Users\12432\.conda\envs\decoder\lib\site-packages\sklearn\metrics\_classification.py:2801: UserWarning: y_pred contains classes not in y_true
  warnings.warn("y_pred contains classes not in y_true")
C:\Users\12432\.conda\envs\decoder\lib\site-packages\sklearn\metrics\_classification.py:2801: UserWarning: y_pred contains classes not in y_true
  warnings.warn("y_pred contains classes not in y_true")
C:\Users\12432\.conda\envs\decoder\lib\site-packages\sklearn\metrics\_classification.py:2801: UserWarning: y_pred contains classes not in y_true
  warnings.warn("y_pred contains classes not in y_true")
C:\Users\12432\.conda\envs\decoder\lib\site-packages\sklearn\metrics\_classification.py:2801: UserWarning: y_pred contains classes not in y_true
  warnings.warn("y_pred contains classes not in y_true")
C:\Users\12432\.conda\envs\decoder\lib\site-packages\sklearn\metrics\_classification.py:2801: UserWarning: y_pred contains classes not in y_true
  warnings.warn("y_pred contains classes not in y_true")
  [russian/sub9] rf          acc=0.688 bacc=0.672 (4.8s)
C:\Users\12432\.conda\envs\decoder\lib\site-packages\sklearn\metrics\_classification.py:2801: UserWarning: y_pred contains classes not in y_true
  warnings.warn("y_pred contains classes not in y_true")
C:\Users\12432\.conda\envs\decoder\lib\site-packages\sklearn\metrics\_classification.py:2801: UserWarning: y_pred contains classes not in y_true
  warnings.warn("y_pred contains classes not in y_true")
C:\Users\12432\.conda\envs\decoder\lib\site-packages\sklearn\metrics\_classification.py:2801: UserWarning: y_pred contains classes not in y_true
  warnings.warn("y_pred contains classes not in y_true")
C:\Users\12432\.conda\envs\decoder\lib\site-packages\sklearn\metrics\_classification.py:2801: UserWarning: y_pred contains classes not in y_true
  warnings.warn("y_pred contains classes not in y_true")
C:\Users\12432\.conda\envs\decoder\lib\site-packages\sklearn\metrics\_classification.py:2801: UserWarning: y_pred contains classes not in y_true
  warnings.warn("y_pred contains classes not in y_true")
C:\Users\12432\.conda\envs\decoder\lib\site-packages\sklearn\metrics\_classification.py:2801: UserWarning: y_pred contains classes not in y_true
  warnings.warn("y_pred contains classes not in y_true")
  [russian/sub9] svm_linear  acc=0.595 bacc=0.576 (0.9s)
C:\Users\12432\.conda\envs\decoder\lib\site-packages\sklearn\metrics\_classification.py:2801: UserWarning: y_pred contains classes not in y_true
  warnings.warn("y_pred contains classes not in y_true")
C:\Users\12432\.conda\envs\decoder\lib\site-packages\sklearn\metrics\_classification.py:2801: UserWarning: y_pred contains classes not in y_true
  warnings.warn("y_pred contains classes not in y_true")
C:\Users\12432\.conda\envs\decoder\lib\site-packages\sklearn\metrics\_classification.py:2801: UserWarning: y_pred contains classes not in y_true
  warnings.warn("y_pred contains classes not in y_true")
C:\Users\12432\.conda\envs\decoder\lib\site-packages\sklearn\metrics\_classification.py:2801: UserWarning: y_pred contains classes not in y_true
  warnings.warn("y_pred contains classes not in y_true")
C:\Users\12432\.conda\envs\decoder\lib\site-packages\sklearn\metrics\_classification.py:2801: UserWarning: y_pred contains classes not in y_true
  warnings.warn("y_pred contains classes not in y_true")
C:\Users\12432\.conda\envs\decoder\lib\site-packages\sklearn\metrics\_classification.py:2801: UserWarning: y_pred contains classes not in y_true
  warnings.warn("y_pred contains classes not in y_true")
  [russian/sub9] lda         acc=0.541 bacc=0.524 (1.1s)
== spanish/sub0
C:\Users\12432\.conda\envs\decoder\lib\site-packages\sklearn\metrics\_classification.py:2801: UserWarning: y_pred contains classes not in y_true
  warnings.warn("y_pred contains classes not in y_true")
C:\Users\12432\.conda\envs\decoder\lib\site-packages\sklearn\metrics\_classification.py:2801: UserWarning: y_pred contains classes not in y_true
  warnings.warn("y_pred contains classes not in y_true")
C:\Users\12432\.conda\envs\decoder\lib\site-packages\sklearn\metrics\_classification.py:2801: UserWarning: y_pred contains classes not in y_true
  warnings.warn("y_pred contains classes not in y_true")
C:\Users\12432\.conda\envs\decoder\lib\site-packages\sklearn\metrics\_classification.py:534: UserWarning: A single label was found in 'y_true' and 'y_pred'. For the confusion matrix to have the correct shape, use the 'labels' parameter to pass all known labels.
  warnings.warn(
C:\Users\12432\.conda\envs\decoder\lib\site-packages\sklearn\metrics\_classification.py:2801: UserWarning: y_pred contains classes not in y_true
  warnings.warn("y_pred contains classes not in y_true")
C:\Users\12432\.conda\envs\decoder\lib\site-packages\sklearn\metrics\_classification.py:2801: UserWarning: y_pred contains classes not in y_true
  warnings.warn("y_pred contains classes not in y_true")
  [spanish/sub0] rf          acc=0.713 bacc=0.612 (8.6s)
C:\Users\12432\.conda\envs\decoder\lib\site-packages\sklearn\metrics\_classification.py:2801: UserWarning: y_pred contains classes not in y_true
  warnings.warn("y_pred contains classes not in y_true")
C:\Users\12432\.conda\envs\decoder\lib\site-packages\sklearn\metrics\_classification.py:2801: UserWarning: y_pred contains classes not in y_true
  warnings.warn("y_pred contains classes not in y_true")
C:\Users\12432\.conda\envs\decoder\lib\site-packages\sklearn\metrics\_classification.py:2801: UserWarning: y_pred contains classes not in y_true
  warnings.warn("y_pred contains classes not in y_true")
C:\Users\12432\.conda\envs\decoder\lib\site-packages\sklearn\metrics\_classification.py:2801: UserWarning: y_pred contains classes not in y_true
  warnings.warn("y_pred contains classes not in y_true")
C:\Users\12432\.conda\envs\decoder\lib\site-packages\sklearn\metrics\_classification.py:2801: UserWarning: y_pred contains classes not in y_true
  warnings.warn("y_pred contains classes not in y_true")
C:\Users\12432\.conda\envs\decoder\lib\site-packages\sklearn\metrics\_classification.py:2801: UserWarning: y_pred contains classes not in y_true
  warnings.warn("y_pred contains classes not in y_true")
C:\Users\12432\.conda\envs\decoder\lib\site-packages\sklearn\metrics\_classification.py:2801: UserWarning: y_pred contains classes not in y_true
  warnings.warn("y_pred contains classes not in y_true")
C:\Users\12432\.conda\envs\decoder\lib\site-packages\sklearn\metrics\_classification.py:2801: UserWarning: y_pred contains classes not in y_true
  warnings.warn("y_pred contains classes not in y_true")
  [spanish/sub0] svm_linear  acc=0.718 bacc=0.693 (3.0s)
C:\Users\12432\.conda\envs\decoder\lib\site-packages\sklearn\metrics\_classification.py:2801: UserWarning: y_pred contains classes not in y_true
  warnings.warn("y_pred contains classes not in y_true")
C:\Users\12432\.conda\envs\decoder\lib\site-packages\sklearn\metrics\_classification.py:2801: UserWarning: y_pred contains classes not in y_true
  warnings.warn("y_pred contains classes not in y_true")
C:\Users\12432\.conda\envs\decoder\lib\site-packages\sklearn\metrics\_classification.py:2801: UserWarning: y_pred contains classes not in y_true
  warnings.warn("y_pred contains classes not in y_true")
C:\Users\12432\.conda\envs\decoder\lib\site-packages\sklearn\metrics\_classification.py:2801: UserWarning: y_pred contains classes not in y_true
  warnings.warn("y_pred contains classes not in y_true")
C:\Users\12432\.conda\envs\decoder\lib\site-packages\sklearn\metrics\_classification.py:2801: UserWarning: y_pred contains classes not in y_true
  warnings.warn("y_pred contains classes not in y_true")
C:\Users\12432\.conda\envs\decoder\lib\site-packages\sklearn\metrics\_classification.py:2801: UserWarning: y_pred contains classes not in y_true
  warnings.warn("y_pred contains classes not in y_true")
C:\Users\12432\.conda\envs\decoder\lib\site-packages\sklearn\metrics\_classification.py:2801: UserWarning: y_pred contains classes not in y_true
  warnings.warn("y_pred contains classes not in y_true")
  [spanish/sub0] lda         acc=0.732 bacc=0.705 (2.0s)
== spanish/sub1
C:\Users\12432\.conda\envs\decoder\lib\site-packages\sklearn\metrics\_classification.py:2801: UserWarning: y_pred contains classes not in y_true
  warnings.warn("y_pred contains classes not in y_true")
C:\Users\12432\.conda\envs\decoder\lib\site-packages\sklearn\metrics\_classification.py:2801: UserWarning: y_pred contains classes not in y_true
  warnings.warn("y_pred contains classes not in y_true")
C:\Users\12432\.conda\envs\decoder\lib\site-packages\sklearn\metrics\_classification.py:2801: UserWarning: y_pred contains classes not in y_true
  warnings.warn("y_pred contains classes not in y_true")
  [spanish/sub1] rf          acc=0.778 bacc=0.725 (6.1s)
C:\Users\12432\.conda\envs\decoder\lib\site-packages\sklearn\metrics\_classification.py:2801: UserWarning: y_pred contains classes not in y_true
  warnings.warn("y_pred contains classes not in y_true")
C:\Users\12432\.conda\envs\decoder\lib\site-packages\sklearn\metrics\_classification.py:2801: UserWarning: y_pred contains classes not in y_true
  warnings.warn("y_pred contains classes not in y_true")
C:\Users\12432\.conda\envs\decoder\lib\site-packages\sklearn\metrics\_classification.py:2801: UserWarning: y_pred contains classes not in y_true
  warnings.warn("y_pred contains classes not in y_true")
C:\Users\12432\.conda\envs\decoder\lib\site-packages\sklearn\metrics\_classification.py:2801: UserWarning: y_pred contains classes not in y_true
  warnings.warn("y_pred contains classes not in y_true")
C:\Users\12432\.conda\envs\decoder\lib\site-packages\sklearn\metrics\_classification.py:2801: UserWarning: y_pred contains classes not in y_true
  warnings.warn("y_pred contains classes not in y_true")
C:\Users\12432\.conda\envs\decoder\lib\site-packages\sklearn\metrics\_classification.py:2801: UserWarning: y_pred contains classes not in y_true
  warnings.warn("y_pred contains classes not in y_true")
  [spanish/sub1] svm_linear  acc=0.835 bacc=0.808 (0.6s)
C:\Users\12432\.conda\envs\decoder\lib\site-packages\sklearn\metrics\_classification.py:2801: UserWarning: y_pred contains classes not in y_true
  warnings.warn("y_pred contains classes not in y_true")
C:\Users\12432\.conda\envs\decoder\lib\site-packages\sklearn\metrics\_classification.py:2801: UserWarning: y_pred contains classes not in y_true
  warnings.warn("y_pred contains classes not in y_true")
C:\Users\12432\.conda\envs\decoder\lib\site-packages\sklearn\metrics\_classification.py:2801: UserWarning: y_pred contains classes not in y_true
  warnings.warn("y_pred contains classes not in y_true")
C:\Users\12432\.conda\envs\decoder\lib\site-packages\sklearn\metrics\_classification.py:2801: UserWarning: y_pred contains classes not in y_true
  warnings.warn("y_pred contains classes not in y_true")
C:\Users\12432\.conda\envs\decoder\lib\site-packages\sklearn\metrics\_classification.py:2801: UserWarning: y_pred contains classes not in y_true
  warnings.warn("y_pred contains classes not in y_true")
C:\Users\12432\.conda\envs\decoder\lib\site-packages\sklearn\metrics\_classification.py:2801: UserWarning: y_pred contains classes not in y_true
  warnings.warn("y_pred contains classes not in y_true")
  [spanish/sub1] lda         acc=0.862 bacc=0.836 (1.6s)
== spanish/sub2
C:\Users\12432\.conda\envs\decoder\lib\site-packages\sklearn\metrics\_classification.py:2801: UserWarning: y_pred contains classes not in y_true
  warnings.warn("y_pred contains classes not in y_true")
C:\Users\12432\.conda\envs\decoder\lib\site-packages\sklearn\metrics\_classification.py:2801: UserWarning: y_pred contains classes not in y_true
  warnings.warn("y_pred contains classes not in y_true")
C:\Users\12432\.conda\envs\decoder\lib\site-packages\sklearn\metrics\_classification.py:534: UserWarning: A single label was found in 'y_true' and 'y_pred'. For the confusion matrix to have the correct shape, use the 'labels' parameter to pass all known labels.
  warnings.warn(
C:\Users\12432\.conda\envs\decoder\lib\site-packages\sklearn\metrics\_classification.py:2801: UserWarning: y_pred contains classes not in y_true
  warnings.warn("y_pred contains classes not in y_true")
  [spanish/sub2] rf          acc=0.808 bacc=0.724 (8.6s)
C:\Users\12432\.conda\envs\decoder\lib\site-packages\sklearn\metrics\_classification.py:2801: UserWarning: y_pred contains classes not in y_true
  warnings.warn("y_pred contains classes not in y_true")
C:\Users\12432\.conda\envs\decoder\lib\site-packages\sklearn\metrics\_classification.py:2801: UserWarning: y_pred contains classes not in y_true
  warnings.warn("y_pred contains classes not in y_true")
C:\Users\12432\.conda\envs\decoder\lib\site-packages\sklearn\metrics\_classification.py:2801: UserWarning: y_pred contains classes not in y_true
  warnings.warn("y_pred contains classes not in y_true")
C:\Users\12432\.conda\envs\decoder\lib\site-packages\sklearn\metrics\_classification.py:534: UserWarning: A single label was found in 'y_true' and 'y_pred'. For the confusion matrix to have the correct shape, use the 'labels' parameter to pass all known labels.
  warnings.warn(
C:\Users\12432\.conda\envs\decoder\lib\site-packages\sklearn\metrics\_classification.py:2801: UserWarning: y_pred contains classes not in y_true
  warnings.warn("y_pred contains classes not in y_true")
C:\Users\12432\.conda\envs\decoder\lib\site-packages\sklearn\metrics\_classification.py:2801: UserWarning: y_pred contains classes not in y_true
  warnings.warn("y_pred contains classes not in y_true")
  [spanish/sub2] svm_linear  acc=0.865 bacc=0.803 (1.2s)
C:\Users\12432\.conda\envs\decoder\lib\site-packages\sklearn\metrics\_classification.py:2801: UserWarning: y_pred contains classes not in y_true
  warnings.warn("y_pred contains classes not in y_true")
C:\Users\12432\.conda\envs\decoder\lib\site-packages\sklearn\metrics\_classification.py:2801: UserWarning: y_pred contains classes not in y_true
  warnings.warn("y_pred contains classes not in y_true")
C:\Users\12432\.conda\envs\decoder\lib\site-packages\sklearn\metrics\_classification.py:2801: UserWarning: y_pred contains classes not in y_true
  warnings.warn("y_pred contains classes not in y_true")
C:\Users\12432\.conda\envs\decoder\lib\site-packages\sklearn\metrics\_classification.py:534: UserWarning: A single label was found in 'y_true' and 'y_pred'. For the confusion matrix to have the correct shape, use the 'labels' parameter to pass all known labels.
  warnings.warn(
C:\Users\12432\.conda\envs\decoder\lib\site-packages\sklearn\metrics\_classification.py:2801: UserWarning: y_pred contains classes not in y_true
  warnings.warn("y_pred contains classes not in y_true")
  [spanish/sub2] lda         acc=0.869 bacc=0.838 (2.0s)
== spanish/sub3
C:\Users\12432\.conda\envs\decoder\lib\site-packages\sklearn\metrics\_classification.py:2801: UserWarning: y_pred contains classes not in y_true
  warnings.warn("y_pred contains classes not in y_true")
C:\Users\12432\.conda\envs\decoder\lib\site-packages\sklearn\metrics\_classification.py:2801: UserWarning: y_pred contains classes not in y_true
  warnings.warn("y_pred contains classes not in y_true")
C:\Users\12432\.conda\envs\decoder\lib\site-packages\sklearn\metrics\_classification.py:2801: UserWarning: y_pred contains classes not in y_true
  warnings.warn("y_pred contains classes not in y_true")
C:\Users\12432\.conda\envs\decoder\lib\site-packages\sklearn\metrics\_classification.py:2801: UserWarning: y_pred contains classes not in y_true
  warnings.warn("y_pred contains classes not in y_true")
C:\Users\12432\.conda\envs\decoder\lib\site-packages\sklearn\metrics\_classification.py:2801: UserWarning: y_pred contains classes not in y_true
  warnings.warn("y_pred contains classes not in y_true")
C:\Users\12432\.conda\envs\decoder\lib\site-packages\sklearn\metrics\_classification.py:2801: UserWarning: y_pred contains classes not in y_true
  warnings.warn("y_pred contains classes not in y_true")
  [spanish/sub3] rf          acc=0.516 bacc=0.468 (6.0s)
C:\Users\12432\.conda\envs\decoder\lib\site-packages\sklearn\metrics\_classification.py:2801: UserWarning: y_pred contains classes not in y_true
  warnings.warn("y_pred contains classes not in y_true")
C:\Users\12432\.conda\envs\decoder\lib\site-packages\sklearn\metrics\_classification.py:2801: UserWarning: y_pred contains classes not in y_true
  warnings.warn("y_pred contains classes not in y_true")
C:\Users\12432\.conda\envs\decoder\lib\site-packages\sklearn\metrics\_classification.py:2801: UserWarning: y_pred contains classes not in y_true
  warnings.warn("y_pred contains classes not in y_true")
C:\Users\12432\.conda\envs\decoder\lib\site-packages\sklearn\metrics\_classification.py:2801: UserWarning: y_pred contains classes not in y_true
  warnings.warn("y_pred contains classes not in y_true")
C:\Users\12432\.conda\envs\decoder\lib\site-packages\sklearn\metrics\_classification.py:2801: UserWarning: y_pred contains classes not in y_true
  warnings.warn("y_pred contains classes not in y_true")
C:\Users\12432\.conda\envs\decoder\lib\site-packages\sklearn\metrics\_classification.py:2801: UserWarning: y_pred contains classes not in y_true
  warnings.warn("y_pred contains classes not in y_true")
C:\Users\12432\.conda\envs\decoder\lib\site-packages\sklearn\metrics\_classification.py:2801: UserWarning: y_pred contains classes not in y_true
  warnings.warn("y_pred contains classes not in y_true")
C:\Users\12432\.conda\envs\decoder\lib\site-packages\sklearn\metrics\_classification.py:2801: UserWarning: y_pred contains classes not in y_true
  warnings.warn("y_pred contains classes not in y_true")
  [spanish/sub3] svm_linear  acc=0.482 bacc=0.473 (4.1s)
C:\Users\12432\.conda\envs\decoder\lib\site-packages\sklearn\metrics\_classification.py:2801: UserWarning: y_pred contains classes not in y_true
  warnings.warn("y_pred contains classes not in y_true")
C:\Users\12432\.conda\envs\decoder\lib\site-packages\sklearn\metrics\_classification.py:2801: UserWarning: y_pred contains classes not in y_true
  warnings.warn("y_pred contains classes not in y_true")
C:\Users\12432\.conda\envs\decoder\lib\site-packages\sklearn\metrics\_classification.py:2801: UserWarning: y_pred contains classes not in y_true
  warnings.warn("y_pred contains classes not in y_true")
C:\Users\12432\.conda\envs\decoder\lib\site-packages\sklearn\metrics\_classification.py:2801: UserWarning: y_pred contains classes not in y_true
  warnings.warn("y_pred contains classes not in y_true")
C:\Users\12432\.conda\envs\decoder\lib\site-packages\sklearn\metrics\_classification.py:2801: UserWarning: y_pred contains classes not in y_true
  warnings.warn("y_pred contains classes not in y_true")
C:\Users\12432\.conda\envs\decoder\lib\site-packages\sklearn\metrics\_classification.py:2801: UserWarning: y_pred contains classes not in y_true
  warnings.warn("y_pred contains classes not in y_true")
  [spanish/sub3] lda         acc=0.471 bacc=0.476 (1.8s)
== spanish/sub4
C:\Users\12432\.conda\envs\decoder\lib\site-packages\sklearn\metrics\_classification.py:2801: UserWarning: y_pred contains classes not in y_true
  warnings.warn("y_pred contains classes not in y_true")
C:\Users\12432\.conda\envs\decoder\lib\site-packages\sklearn\metrics\_classification.py:534: UserWarning: A single label was found in 'y_true' and 'y_pred'. For the confusion matrix to have the correct shape, use the 'labels' parameter to pass all known labels.
  warnings.warn(
C:\Users\12432\.conda\envs\decoder\lib\site-packages\sklearn\metrics\_classification.py:2801: UserWarning: y_pred contains classes not in y_true
  warnings.warn("y_pred contains classes not in y_true")
  [spanish/sub4] rf          acc=0.743 bacc=0.639 (3.9s)
C:\Users\12432\.conda\envs\decoder\lib\site-packages\sklearn\metrics\_classification.py:2801: UserWarning: y_pred contains classes not in y_true
  warnings.warn("y_pred contains classes not in y_true")
C:\Users\12432\.conda\envs\decoder\lib\site-packages\sklearn\metrics\_classification.py:2801: UserWarning: y_pred contains classes not in y_true
  warnings.warn("y_pred contains classes not in y_true")
C:\Users\12432\.conda\envs\decoder\lib\site-packages\sklearn\metrics\_classification.py:2801: UserWarning: y_pred contains classes not in y_true
  warnings.warn("y_pred contains classes not in y_true")
C:\Users\12432\.conda\envs\decoder\lib\site-packages\sklearn\metrics\_classification.py:2801: UserWarning: y_pred contains classes not in y_true
  warnings.warn("y_pred contains classes not in y_true")
  [spanish/sub4] svm_linear  acc=0.770 bacc=0.755 (0.9s)
C:\Users\12432\.conda\envs\decoder\lib\site-packages\sklearn\metrics\_classification.py:2801: UserWarning: y_pred contains classes not in y_true
  warnings.warn("y_pred contains classes not in y_true")
C:\Users\12432\.conda\envs\decoder\lib\site-packages\sklearn\metrics\_classification.py:2801: UserWarning: y_pred contains classes not in y_true
  warnings.warn("y_pred contains classes not in y_true")
C:\Users\12432\.conda\envs\decoder\lib\site-packages\sklearn\metrics\_classification.py:2801: UserWarning: y_pred contains classes not in y_true
  warnings.warn("y_pred contains classes not in y_true")
C:\Users\12432\.conda\envs\decoder\lib\site-packages\sklearn\metrics\_classification.py:2801: UserWarning: y_pred contains classes not in y_true
  warnings.warn("y_pred contains classes not in y_true")
  [spanish/sub4] lda         acc=0.775 bacc=0.756 (1.1s)
== spanish/sub5
C:\Users\12432\.conda\envs\decoder\lib\site-packages\sklearn\metrics\_classification.py:2801: UserWarning: y_pred contains classes not in y_true
  warnings.warn("y_pred contains classes not in y_true")
C:\Users\12432\.conda\envs\decoder\lib\site-packages\sklearn\metrics\_classification.py:2801: UserWarning: y_pred contains classes not in y_true
  warnings.warn("y_pred contains classes not in y_true")
C:\Users\12432\.conda\envs\decoder\lib\site-packages\sklearn\metrics\_classification.py:2801: UserWarning: y_pred contains classes not in y_true
  warnings.warn("y_pred contains classes not in y_true")
C:\Users\12432\.conda\envs\decoder\lib\site-packages\sklearn\metrics\_classification.py:2801: UserWarning: y_pred contains classes not in y_true
  warnings.warn("y_pred contains classes not in y_true")
  [spanish/sub5] rf          acc=0.761 bacc=0.665 (5.9s)
C:\Users\12432\.conda\envs\decoder\lib\site-packages\sklearn\metrics\_classification.py:2801: UserWarning: y_pred contains classes not in y_true
  warnings.warn("y_pred contains classes not in y_true")
C:\Users\12432\.conda\envs\decoder\lib\site-packages\sklearn\metrics\_classification.py:2801: UserWarning: y_pred contains classes not in y_true
  warnings.warn("y_pred contains classes not in y_true")
C:\Users\12432\.conda\envs\decoder\lib\site-packages\sklearn\metrics\_classification.py:2801: UserWarning: y_pred contains classes not in y_true
  warnings.warn("y_pred contains classes not in y_true")
C:\Users\12432\.conda\envs\decoder\lib\site-packages\sklearn\metrics\_classification.py:2801: UserWarning: y_pred contains classes not in y_true
  warnings.warn("y_pred contains classes not in y_true")
C:\Users\12432\.conda\envs\decoder\lib\site-packages\sklearn\metrics\_classification.py:2801: UserWarning: y_pred contains classes not in y_true
  warnings.warn("y_pred contains classes not in y_true")
  [spanish/sub5] svm_linear  acc=0.857 bacc=0.856 (0.9s)
C:\Users\12432\.conda\envs\decoder\lib\site-packages\sklearn\metrics\_classification.py:2801: UserWarning: y_pred contains classes not in y_true
  warnings.warn("y_pred contains classes not in y_true")
C:\Users\12432\.conda\envs\decoder\lib\site-packages\sklearn\metrics\_classification.py:2801: UserWarning: y_pred contains classes not in y_true
  warnings.warn("y_pred contains classes not in y_true")
C:\Users\12432\.conda\envs\decoder\lib\site-packages\sklearn\metrics\_classification.py:2801: UserWarning: y_pred contains classes not in y_true
  warnings.warn("y_pred contains classes not in y_true")
C:\Users\12432\.conda\envs\decoder\lib\site-packages\sklearn\metrics\_classification.py:2801: UserWarning: y_pred contains classes not in y_true
  warnings.warn("y_pred contains classes not in y_true")
C:\Users\12432\.conda\envs\decoder\lib\site-packages\sklearn\metrics\_classification.py:2801: UserWarning: y_pred contains classes not in y_true
  warnings.warn("y_pred contains classes not in y_true")
  [spanish/sub5] lda         acc=0.893 bacc=0.884 (1.4s)
== spanish/sub6
C:\Users\12432\.conda\envs\decoder\lib\site-packages\sklearn\metrics\_classification.py:2801: UserWarning: y_pred contains classes not in y_true
  warnings.warn("y_pred contains classes not in y_true")
C:\Users\12432\.conda\envs\decoder\lib\site-packages\sklearn\metrics\_classification.py:2801: UserWarning: y_pred contains classes not in y_true
  warnings.warn("y_pred contains classes not in y_true")
C:\Users\12432\.conda\envs\decoder\lib\site-packages\sklearn\metrics\_classification.py:2801: UserWarning: y_pred contains classes not in y_true
  warnings.warn("y_pred contains classes not in y_true")
  [spanish/sub6] rf          acc=0.912 bacc=0.784 (5.6s)
C:\Users\12432\.conda\envs\decoder\lib\site-packages\sklearn\metrics\_classification.py:2801: UserWarning: y_pred contains classes not in y_true
  warnings.warn("y_pred contains classes not in y_true")
C:\Users\12432\.conda\envs\decoder\lib\site-packages\sklearn\metrics\_classification.py:2801: UserWarning: y_pred contains classes not in y_true
  warnings.warn("y_pred contains classes not in y_true")
C:\Users\12432\.conda\envs\decoder\lib\site-packages\sklearn\metrics\_classification.py:2801: UserWarning: y_pred contains classes not in y_true
  warnings.warn("y_pred contains classes not in y_true")
  [spanish/sub6] svm_linear  acc=0.884 bacc=0.863 (0.7s)
C:\Users\12432\.conda\envs\decoder\lib\site-packages\sklearn\metrics\_classification.py:2801: UserWarning: y_pred contains classes not in y_true
  warnings.warn("y_pred contains classes not in y_true")
C:\Users\12432\.conda\envs\decoder\lib\site-packages\sklearn\metrics\_classification.py:2801: UserWarning: y_pred contains classes not in y_true
  warnings.warn("y_pred contains classes not in y_true")
C:\Users\12432\.conda\envs\decoder\lib\site-packages\sklearn\metrics\_classification.py:2801: UserWarning: y_pred contains classes not in y_true
  warnings.warn("y_pred contains classes not in y_true")
  [spanish/sub6] lda         acc=0.919 bacc=0.887 (1.9s)
== spanish/sub7
C:\Users\12432\.conda\envs\decoder\lib\site-packages\sklearn\metrics\_classification.py:2801: UserWarning: y_pred contains classes not in y_true
  warnings.warn("y_pred contains classes not in y_true")
C:\Users\12432\.conda\envs\decoder\lib\site-packages\sklearn\metrics\_classification.py:2801: UserWarning: y_pred contains classes not in y_true
  warnings.warn("y_pred contains classes not in y_true")
C:\Users\12432\.conda\envs\decoder\lib\site-packages\sklearn\metrics\_classification.py:534: UserWarning: A single label was found in 'y_true' and 'y_pred'. For the confusion matrix to have the correct shape, use the 'labels' parameter to pass all known labels.
  warnings.warn(
C:\Users\12432\.conda\envs\decoder\lib\site-packages\sklearn\metrics\_classification.py:534: UserWarning: A single label was found in 'y_true' and 'y_pred'. For the confusion matrix to have the correct shape, use the 'labels' parameter to pass all known labels.
  warnings.warn(
  [spanish/sub7] rf          acc=0.751 bacc=0.657 (4.6s)
C:\Users\12432\.conda\envs\decoder\lib\site-packages\sklearn\metrics\_classification.py:2801: UserWarning: y_pred contains classes not in y_true
  warnings.warn("y_pred contains classes not in y_true")
C:\Users\12432\.conda\envs\decoder\lib\site-packages\sklearn\metrics\_classification.py:2801: UserWarning: y_pred contains classes not in y_true
  warnings.warn("y_pred contains classes not in y_true")
C:\Users\12432\.conda\envs\decoder\lib\site-packages\sklearn\metrics\_classification.py:534: UserWarning: A single label was found in 'y_true' and 'y_pred'. For the confusion matrix to have the correct shape, use the 'labels' parameter to pass all known labels.
  warnings.warn(
C:\Users\12432\.conda\envs\decoder\lib\site-packages\sklearn\metrics\_classification.py:534: UserWarning: A single label was found in 'y_true' and 'y_pred'. For the confusion matrix to have the correct shape, use the 'labels' parameter to pass all known labels.
  warnings.warn(
  [spanish/sub7] svm_linear  acc=0.889 bacc=0.874 (0.6s)
C:\Users\12432\.conda\envs\decoder\lib\site-packages\sklearn\metrics\_classification.py:2801: UserWarning: y_pred contains classes not in y_true
  warnings.warn("y_pred contains classes not in y_true")
C:\Users\12432\.conda\envs\decoder\lib\site-packages\sklearn\metrics\_classification.py:2801: UserWarning: y_pred contains classes not in y_true
  warnings.warn("y_pred contains classes not in y_true")
C:\Users\12432\.conda\envs\decoder\lib\site-packages\sklearn\metrics\_classification.py:534: UserWarning: A single label was found in 'y_true' and 'y_pred'. For the confusion matrix to have the correct shape, use the 'labels' parameter to pass all known labels.
  warnings.warn(
C:\Users\12432\.conda\envs\decoder\lib\site-packages\sklearn\metrics\_classification.py:534: UserWarning: A single label was found in 'y_true' and 'y_pred'. For the confusion matrix to have the correct shape, use the 'labels' parameter to pass all known labels.
  warnings.warn(
  [spanish/sub7] lda         acc=0.937 bacc=0.935 (1.5s)
== spanish/sub8
C:\Users\12432\.conda\envs\decoder\lib\site-packages\sklearn\metrics\_classification.py:2801: UserWarning: y_pred contains classes not in y_true
  warnings.warn("y_pred contains classes not in y_true")
C:\Users\12432\.conda\envs\decoder\lib\site-packages\sklearn\metrics\_classification.py:2801: UserWarning: y_pred contains classes not in y_true
  warnings.warn("y_pred contains classes not in y_true")
C:\Users\12432\.conda\envs\decoder\lib\site-packages\sklearn\metrics\_classification.py:2801: UserWarning: y_pred contains classes not in y_true
  warnings.warn("y_pred contains classes not in y_true")
C:\Users\12432\.conda\envs\decoder\lib\site-packages\sklearn\metrics\_classification.py:2801: UserWarning: y_pred contains classes not in y_true
  warnings.warn("y_pred contains classes not in y_true")
  [spanish/sub8] rf          acc=0.751 bacc=0.636 (4.4s)
C:\Users\12432\.conda\envs\decoder\lib\site-packages\sklearn\metrics\_classification.py:2801: UserWarning: y_pred contains classes not in y_true
  warnings.warn("y_pred contains classes not in y_true")
C:\Users\12432\.conda\envs\decoder\lib\site-packages\sklearn\metrics\_classification.py:2801: UserWarning: y_pred contains classes not in y_true
  warnings.warn("y_pred contains classes not in y_true")
C:\Users\12432\.conda\envs\decoder\lib\site-packages\sklearn\metrics\_classification.py:2801: UserWarning: y_pred contains classes not in y_true
  warnings.warn("y_pred contains classes not in y_true")
C:\Users\12432\.conda\envs\decoder\lib\site-packages\sklearn\metrics\_classification.py:2801: UserWarning: y_pred contains classes not in y_true
  warnings.warn("y_pred contains classes not in y_true")
  [spanish/sub8] svm_linear  acc=0.755 bacc=0.734 (0.6s)
C:\Users\12432\.conda\envs\decoder\lib\site-packages\sklearn\metrics\_classification.py:2801: UserWarning: y_pred contains classes not in y_true
  warnings.warn("y_pred contains classes not in y_true")
C:\Users\12432\.conda\envs\decoder\lib\site-packages\sklearn\metrics\_classification.py:2801: UserWarning: y_pred contains classes not in y_true
  warnings.warn("y_pred contains classes not in y_true")
C:\Users\12432\.conda\envs\decoder\lib\site-packages\sklearn\metrics\_classification.py:2801: UserWarning: y_pred contains classes not in y_true
  warnings.warn("y_pred contains classes not in y_true")
C:\Users\12432\.conda\envs\decoder\lib\site-packages\sklearn\metrics\_classification.py:2801: UserWarning: y_pred contains classes not in y_true
  warnings.warn("y_pred contains classes not in y_true")
  [spanish/sub8] lda         acc=0.778 bacc=0.763 (1.5s)
== spanish/sub9
C:\Users\12432\.conda\envs\decoder\lib\site-packages\sklearn\metrics\_classification.py:2801: UserWarning: y_pred contains classes not in y_true
  warnings.warn("y_pred contains classes not in y_true")
C:\Users\12432\.conda\envs\decoder\lib\site-packages\sklearn\metrics\_classification.py:2801: UserWarning: y_pred contains classes not in y_true
  warnings.warn("y_pred contains classes not in y_true")
  [spanish/sub9] rf          acc=0.770 bacc=0.707 (4.8s)
C:\Users\12432\.conda\envs\decoder\lib\site-packages\sklearn\metrics\_classification.py:2801: UserWarning: y_pred contains classes not in y_true
  warnings.warn("y_pred contains classes not in y_true")
C:\Users\12432\.conda\envs\decoder\lib\site-packages\sklearn\metrics\_classification.py:2801: UserWarning: y_pred contains classes not in y_true
  warnings.warn("y_pred contains classes not in y_true")
C:\Users\12432\.conda\envs\decoder\lib\site-packages\sklearn\metrics\_classification.py:2801: UserWarning: y_pred contains classes not in y_true
  warnings.warn("y_pred contains classes not in y_true")
C:\Users\12432\.conda\envs\decoder\lib\site-packages\sklearn\metrics\_classification.py:2801: UserWarning: y_pred contains classes not in y_true
  warnings.warn("y_pred contains classes not in y_true")
  [spanish/sub9] svm_linear  acc=0.841 bacc=0.830 (0.5s)
C:\Users\12432\.conda\envs\decoder\lib\site-packages\sklearn\metrics\_classification.py:2801: UserWarning: y_pred contains classes not in y_true
  warnings.warn("y_pred contains classes not in y_true")
C:\Users\12432\.conda\envs\decoder\lib\site-packages\sklearn\metrics\_classification.py:2801: UserWarning: y_pred contains classes not in y_true
  warnings.warn("y_pred contains classes not in y_true")
C:\Users\12432\.conda\envs\decoder\lib\site-packages\sklearn\metrics\_classification.py:2801: UserWarning: y_pred contains classes not in y_true
  warnings.warn("y_pred contains classes not in y_true")
  [spanish/sub9] lda         acc=0.931 bacc=0.934 (1.8s)

=== per-model summary (mean over subjects) ===
           acc_mean        balanced_acc       
               mean    std         mean    std
model                                         
lda           0.750  0.142        0.741  0.138
rf            0.706  0.111        0.665  0.098
svm_linear    0.734  0.122        0.723  0.119
saved -> D:\repositories\20260831_EEG_6_Words\experiments\results\ml_results.csv
